Archive member included because of file (symbol)

c:/program files (x86)/codesourcery/sourcery g++ lite/bin/../lib/gcc/arm-none-eabi/4.4.1/../../../../arm-none-eabi/lib/thumb2\libm.a(lib_a-s_ceil.o)
                              ..//PHY/config_data.o (ceil)
c:/program files (x86)/codesourcery/sourcery g++ lite/bin/../lib/gcc/arm-none-eabi/4.4.1/../../../../arm-none-eabi/lib/thumb2\libc.a(lib_a-abort.o)
                              ..//Common/src/syscalls.o (abort)
c:/program files (x86)/codesourcery/sourcery g++ lite/bin/../lib/gcc/arm-none-eabi/4.4.1/../../../../arm-none-eabi/lib/thumb2\libc.a(lib_a-ecvtbuf.o)
                              ..//utils/printf/ee_printf-arg.o (ecvtbuf)
c:/program files (x86)/codesourcery/sourcery g++ lite/bin/../lib/gcc/arm-none-eabi/4.4.1/../../../../arm-none-eabi/lib/thumb2\libc.a(lib_a-impure.o)
                              c:/program files (x86)/codesourcery/sourcery g++ lite/bin/../lib/gcc/arm-none-eabi/4.4.1/../../../../arm-none-eabi/lib/thumb2\libc.a(lib_a-ecvtbuf.o) (_impure_ptr)
c:/program files (x86)/codesourcery/sourcery g++ lite/bin/../lib/gcc/arm-none-eabi/4.4.1/../../../../arm-none-eabi/lib/thumb2\libc.a(lib_a-malloc.o)
                              ..//common/src/mini_cpp.o (free)
c:/program files (x86)/codesourcery/sourcery g++ lite/bin/../lib/gcc/arm-none-eabi/4.4.1/../../../../arm-none-eabi/lib/thumb2\libc.a(lib_a-mallocr.o)
                              c:/program files (x86)/codesourcery/sourcery g++ lite/bin/../lib/gcc/arm-none-eabi/4.4.1/../../../../arm-none-eabi/lib/thumb2\libc.a(lib_a-malloc.o) (_malloc_r)
c:/program files (x86)/codesourcery/sourcery g++ lite/bin/../lib/gcc/arm-none-eabi/4.4.1/../../../../arm-none-eabi/lib/thumb2\libc.a(lib_a-memcmp.o)
                              ..//drivers/IAP/iap_driver.o (memcmp)
c:/program files (x86)/codesourcery/sourcery g++ lite/bin/../lib/gcc/arm-none-eabi/4.4.1/../../../../arm-none-eabi/lib/thumb2\libc.a(lib_a-memcpy.o)
                              ..//drivers/IAP/iap_driver.o (memcpy)
c:/program files (x86)/codesourcery/sourcery g++ lite/bin/../lib/gcc/arm-none-eabi/4.4.1/../../../../arm-none-eabi/lib/thumb2\libc.a(lib_a-memset.o)
                              ..//drivers/IAP/iap_driver.o (memset)
c:/program files (x86)/codesourcery/sourcery g++ lite/bin/../lib/gcc/arm-none-eabi/4.4.1/../../../../arm-none-eabi/lib/thumb2\libc.a(lib_a-mlock.o)
                              c:/program files (x86)/codesourcery/sourcery g++ lite/bin/../lib/gcc/arm-none-eabi/4.4.1/../../../../arm-none-eabi/lib/thumb2\libc.a(lib_a-mallocr.o) (__malloc_lock)
c:/program files (x86)/codesourcery/sourcery g++ lite/bin/../lib/gcc/arm-none-eabi/4.4.1/../../../../arm-none-eabi/lib/thumb2\libc.a(lib_a-mprec.o)
                              c:/program files (x86)/codesourcery/sourcery g++ lite/bin/../lib/gcc/arm-none-eabi/4.4.1/../../../../arm-none-eabi/lib/thumb2\libc.a(lib_a-ecvtbuf.o) (_mprec_log10)
c:/program files (x86)/codesourcery/sourcery g++ lite/bin/../lib/gcc/arm-none-eabi/4.4.1/../../../../arm-none-eabi/lib/thumb2\libc.a(lib_a-puts.o)
                              ..//drivers/IAP/iap_driver.o (puts)
c:/program files (x86)/codesourcery/sourcery g++ lite/bin/../lib/gcc/arm-none-eabi/4.4.1/../../../../arm-none-eabi/lib/thumb2\libc.a(lib_a-reallocr.o)
                              c:/program files (x86)/codesourcery/sourcery g++ lite/bin/../lib/gcc/arm-none-eabi/4.4.1/../../../../arm-none-eabi/lib/thumb2\libc.a(lib_a-ecvtbuf.o) (_realloc_r)
c:/program files (x86)/codesourcery/sourcery g++ lite/bin/../lib/gcc/arm-none-eabi/4.4.1/../../../../arm-none-eabi/lib/thumb2\libc.a(lib_a-reent.o)
                              ..//Common/src/syscalls.o (errno)
c:/program files (x86)/codesourcery/sourcery g++ lite/bin/../lib/gcc/arm-none-eabi/4.4.1/../../../../arm-none-eabi/lib/thumb2\libc.a(lib_a-sbrkr.o)
                              c:/program files (x86)/codesourcery/sourcery g++ lite/bin/../lib/gcc/arm-none-eabi/4.4.1/../../../../arm-none-eabi/lib/thumb2\libc.a(lib_a-mallocr.o) (_sbrk_r)
c:/program files (x86)/codesourcery/sourcery g++ lite/bin/../lib/gcc/arm-none-eabi/4.4.1/../../../../arm-none-eabi/lib/thumb2\libc.a(lib_a-signal.o)
                              c:/program files (x86)/codesourcery/sourcery g++ lite/bin/../lib/gcc/arm-none-eabi/4.4.1/../../../../arm-none-eabi/lib/thumb2\libc.a(lib_a-abort.o) (raise)
c:/program files (x86)/codesourcery/sourcery g++ lite/bin/../lib/gcc/arm-none-eabi/4.4.1/../../../../arm-none-eabi/lib/thumb2\libc.a(lib_a-signalr.o)
                              c:/program files (x86)/codesourcery/sourcery g++ lite/bin/../lib/gcc/arm-none-eabi/4.4.1/../../../../arm-none-eabi/lib/thumb2\libc.a(lib_a-signal.o) (_getpid_r)
c:/program files (x86)/codesourcery/sourcery g++ lite/bin/../lib/gcc/arm-none-eabi/4.4.1/../../../../arm-none-eabi/lib/thumb2\libc.a(lib_a-strcat.o)
                              ..//PHY/config_data.o (strcat)
[...]
Memory Configuration

Name             Origin             Length             Attributes
rom              0x00010000         0x00070000         xr
ram              0x100000c8         0x00007f38         xrw
*default*        0x00000000         0xffffffff

Linker script and memory map

LOAD c:/program files (x86)/codesourcery/sourcery g++ lite/bin/../lib/gcc/arm-none-eabi/4.4.1/thumb2/crti.o
LOAD c:/program files (x86)/codesourcery/sourcery g++ lite/bin/../lib/gcc/arm-none-eabi/4.4.1/thumb2/crtbegin.o
LOAD c:/program files (x86)/codesourcery/sourcery g++ lite/bin/../lib/gcc/arm-none-eabi/4.4.1/thumb2\libgcc.a
LOAD c:/program files (x86)/codesourcery/sourcery g++ lite/bin/../lib/gcc/arm-none-eabi/4.4.1/../../../../arm-none-eabi/lib/thumb2\libstdc++.a
LOAD ..//common/Core/CM3/startup_LPC17xx.o
LOAD ..//Common/src/syscalls.o
LOAD ..//common/Core/CM3/core_cm3.o
LOAD ..//common/Core/CM3/system_LPC17xx.o
LOAD ..//common/src/lpc17xx_gpio.o
LOAD ..//common/src/lpc17xx_pinsel.o
LOAD ..//common/src/lpc17xx_timer.o
LOAD ..//common/src/debug_frmwrk.o
LOAD ..//common/src/lpc17xx_uart.o
LOAD ..//common/src/lpc17xx_clkpwr.o
LOAD ..//common/src/lpc17xx_nvic.o
LOAD ..//common/src/lpc17xx_qei.o
LOAD ..//common/src/lpc17xx_spi.o
LOAD ..//common/src/lpc17xx_ssp.o
LOAD ..//common/src/lpc17xx_i2c.o
LOAD ..//common/src/lpc17xx_rtc.o
LOAD ..//common/src/lpc17xx_emac.o
LOAD ..//common/src/delay.o
LOAD ..//common/src/mini_cpp.o
LOAD ..//drivers/timer/timer.o
LOAD ..//drivers/UART/uart.o
LOAD ..//drivers/USB/intenable.o
LOAD ..//drivers/USB/usbhw_lpc.o
LOAD ..//drivers/USB/serial_fifo.o
LOAD ..//drivers/USB/usbinit.o
LOAD ..//drivers/USB/usbcontrol.o
LOAD ..//drivers/USB/usbstdreq.o
LOAD ..//drivers/IAP/iap_driver.o
LOAD ..//drivers/SPI/ssp_master.o
LOAD ..//utils/ring_buffer/ring.o
LOAD ..//utils/ringbuf/RingBuf.o
LOAD ..//utils/printf/ee_printf-arg.o
LOAD ..//utils/input_output/input_output.o
LOAD ..//utils/multi-steppers/multi-steppers.o
LOAD ..//utils/i2ceeprom/i2c.o
LOAD ..//utils/i2ceeprom/i2c_eeprom.o
LOAD ..//utils/usbSerial/usbSerial.o
LOAD ..//utils/modbus/modbus.o
LOAD ..//PHY/interrupts.o
LOAD ..//PHY/main.o
LOAD ..//PHY/config_data.o
LOAD ..//utils/delay_timer/delay_timer.o
LOAD ..//utils/state_machine/state_machine.o
LOAD ..//utils/modbus/SimpleModbusSlave_1769.o
LOAD ..//PHY/state_machines/SM_Operation.o
LOAD c:/program files (x86)/codesourcery/sourcery g++ lite/bin/../lib/gcc/arm-none-eabi/4.4.1/../../../../arm-none-eabi/lib/thumb2\libstdc++.a
LOAD c:/program files (x86)/codesourcery/sourcery g++ lite/bin/../lib/gcc/arm-none-eabi/4.4.1/../../../../arm-none-eabi/lib/thumb2\libm.a
LOAD c:/program files (x86)/codesourcery/sourcery g++ lite/bin/../lib/gcc/arm-none-eabi/4.4.1/../../../../arm-none-eabi/lib/thumb2\libc.a
START GROUP
LOAD c:/program files (x86)/codesourcery/sourcery g++ lite/bin/../lib/gcc/arm-none-eabi/4.4.1/thumb2\libgcc.a
LOAD c:/program files (x86)/codesourcery/sourcery g++ lite/bin/../lib/gcc/arm-none-eabi/4.4.1/../../../../arm-none-eabi/lib/thumb2\libc.a
END GROUP
LOAD c:/program files (x86)/codesourcery/sourcery g++ lite/bin/../lib/gcc/arm-none-eabi/4.4.1/thumb2/crtend.o
LOAD c:/program files (x86)/codesourcery/sourcery g++ lite/bin/../lib/gcc/arm-none-eabi/4.4.1/thumb2/crtn.o
START GROUP
LOAD c:/program files (x86)/codesourcery/sourcery g++ lite/bin/../lib/gcc/arm-none-eabi/4.4.1/thumb2\libgcc.a
LOAD c:/program files (x86)/codesourcery/sourcery g++ lite/bin/../lib/gcc/arm-none-eabi/4.4.1/../../../../arm-none-eabi/lib/thumb2\libc.a
LOAD c:/program files (x86)/codesourcery/sourcery g++ lite/bin/../lib/gcc/arm-none-eabi/4.4.1/../../../../arm-none-eabi/lib/thumb2\libcs3.a
LOAD c:/program files (x86)/codesourcery/sourcery g++ lite/bin/../lib/gcc/arm-none-eabi/4.4.1/../../../../arm-none-eabi/lib/thumb2\libcs3unhosted.a
LOAD c:/program files (x86)/codesourcery/sourcery g++ lite/bin/../lib/gcc/arm-none-eabi/4.4.1/../../../../arm-none-eabi/lib/thumb2\libcs3micro.a
END GROUP
                0x10008000                PROVIDE (__cs3_stack, (__cs3_region_start_ram + __cs3_region_size_ram))
                0x00006048                PROVIDE (__cs3_stack_size, ((__cs3_region_start_ram + __cs3_region_size_ram) - _end))
                0x10001fb8                PROVIDE (__cs3_heap_start, _end)
                0x10008000                PROVIDE (__cs3_heap_end, (__cs3_region_start_ram + __cs3_region_size_ram))

.text           0x00010000    0x10348
 CREATE_OBJECT_SYMBOLS
                0x00010000                __cs3_region_start_rom = .
 *(.cs3.region-head.rom)
                0x00010000                __cs3_interrupt_vector = __cs3_interrupt_vector_cortex_m
 *(.cs3.interrupt_vector)
 .cs3.interrupt_vector
                0x00010000       0xc4 ..//common/Core/CM3/startup_LPC17xx.o
                0x00010000                __cs3_interrupt_vector_cortex_m
                0x00010001                ASSERT ((. != __cs3_interrupt_vector_cortex_m), No interrupt vector)
 *(.rom)
 *(.rom.b)
                0x000100c4                __cs3_reset = __cs3_reset_cortex_m
 *(.cs3.reset)
 .cs3.reset     0x000100c4       0x10 ..//common/Core/CM3/startup_LPC17xx.o
                0x000100c4                __cs3_reset_cortex_m
                0x00010001                ASSERT ((. != __cs3_reset), No reset code)
 *(.text .text.* .gnu.linkonce.t.*)
 .text          0x000100d4       0x30 c:/program files (x86)/codesourcery/sourcery g++ lite/bin/../lib/gcc/arm-none-eabi/4.4.1/thumb2/crtbegin.o
 .text          0x00010104       0x14 ..//common/Core/CM3/startup_LPC17xx.o
                0x00010104                NMI_Handler
                0x00010106                HardFault_Handler
                0x00010108                MemManage_Handler
                0x0001010a                BusFault_Handler
                0x0001010c                UsageFault_Handler
                0x0001010e                SVC_Handler
                0x00010110                DebugMon_Handler
                0x00010112                PendSV_Handler
                0x00010114                SysTick_Handler
                0x00010116                EINT3_IRQHandler
                0x00010116                UART1_IRQHandler
                0x00010116                EINT2_IRQHandler
                0x00010116                PLL0_IRQHandler
                0x00010116                CAN_IRQHandler
                0x00010116                PLL1_IRQHandler
                0x00010116                SSP0_IRQHandler
                0x00010116                PWM1_IRQHandler
                0x00010116                I2C2_IRQHandler
                0x00010116                RTC_IRQHandler
                0x00010116                SPI_IRQHandler
                0x00010116                EINT1_IRQHandler
                0x00010116                Default_Handler
                0x00010116                ADC_IRQHandler
                0x00010116                SSP1_IRQHandler
                0x00010116                BOD_IRQHandler
                0x00010116                I2C1_IRQHandler
                0x00010116                WDT_IRQHandler
                0x00010116                RIT_IRQHandler
                0x00010116                QEI_IRQHandler
                0x00010116                EINT0_IRQHandler
                0x00010116                DMA_IRQHandler
                0x00010116                I2S_IRQHandler
                0x00010116                MCPWM_IRQHandler
                0x00010116                ENET_IRQHandler
 .text._kill    0x00010118       0x28 ..//Common/src/syscalls.o
                0x00010118                _kill
 .text._exit    0x00010140        0xc ..//Common/src/syscalls.o
                0x00010140                _exit
 .text._getpid  0x0001014c       0x10 ..//Common/src/syscalls.o
                0x0001014c                _getpid
 .text.get_stack_top
                0x0001015c       0x14 ..//Common/src/syscalls.o
                0x0001015c                get_stack_top
 .text._sbrk    0x00010170       0x84 ..//Common/src/syscalls.o
                0x00010170                _sbrk
 .text._close   0x000101f4       0x18 ..//Common/src/syscalls.o
                0x000101f4                _close
 .text._fstat   0x0001020c       0x24 ..//Common/src/syscalls.o
                0x0001020c                _fstat
 .text._isatty  0x00010230       0x18 ..//Common/src/syscalls.o
                0x00010230                _isatty
 .text._lseek   0x00010248       0x1c ..//Common/src/syscalls.o
                0x00010248                _lseek
 .text._read    0x00010264       0x1c ..//Common/src/syscalls.o
                0x00010264                _read
 .text._write   0x00010280       0x3c ..//Common/src/syscalls.o
                0x00010280                _write
 .text.__get_MSP
                0x000102bc       0x10 ..//common/Core/CM3/core_cm3.o
                0x000102bc                __get_MSP
 .text.SystemInit
                0x000102cc      0x214 ..//common/Core/CM3/system_LPC17xx.o
                0x000102cc                SystemInit
 .text.GPIO_GetPointer
                0x000104e0       0x78 ..//common/src/lpc17xx_gpio.o
 .text.GPIO_SetDir
                0x00010558       0x58 ..//common/src/lpc17xx_gpio.o
                0x00010558                GPIO_SetDir
 .text.GPIO_SetValue
                0x000105b0       0x34 ..//common/src/lpc17xx_gpio.o
                0x000105b0                GPIO_SetValue
 .text.GPIO_ClearValue
                0x000105e4       0x34 ..//common/src/lpc17xx_gpio.o
                0x000105e4                GPIO_ClearValue
 .text.GPIO_ReadValue
                0x00010618       0x38 ..//common/src/lpc17xx_gpio.o
                0x00010618                GPIO_ReadValue
 .text.set_PinFunc
                0x00010650       0xa0 ..//common/src/lpc17xx_pinsel.o
 .text.set_ResistorMode
                0x000106f0       0xa0 ..//common/src/lpc17xx_pinsel.o
 .text.set_OpenDrainMode
                0x00010790       0x80 ..//common/src/lpc17xx_pinsel.o
 .text.PINSEL_ConfigPin
                0x00010810       0x64 ..//common/src/lpc17xx_pinsel.o
                0x00010810                PINSEL_ConfigPin
 .text.getPClock
                0x00010874       0x80 ..//common/src/lpc17xx_timer.o
 .text.converUSecToVal
                0x000108f4       0x70 ..//common/src/lpc17xx_timer.o
 .text.converPtrToTimeNum
                0x00010964       0x74 ..//common/src/lpc17xx_timer.o
 .text.TIM_ClearIntPending
                0x000109d8       0x2c ..//common/src/lpc17xx_timer.o
                0x000109d8                TIM_ClearIntPending
 .text.TIM_Init
                0x00010a04      0x18c ..//common/src/lpc17xx_timer.o
                0x00010a04                TIM_Init
 .text.TIM_Cmd  0x00010b90       0x38 ..//common/src/lpc17xx_timer.o
                0x00010b90                TIM_Cmd
 .text.TIM_ResetCounter
                0x00010bc8       0x2c ..//common/src/lpc17xx_timer.o
                0x00010bc8                TIM_ResetCounter
 .text.TIM_ConfigMatch
                0x00010bf4      0x150 ..//common/src/lpc17xx_timer.o
                0x00010bf4                TIM_ConfigMatch
 .text.UARTPutChar
                0x00010d44       0x30 ..//common/src/debug_frmwrk.o
                0x00010d44                UARTPutChar
 .text.UARTGetChar
                0x00010d74       0x34 ..//common/src/debug_frmwrk.o
                0x00010d74                UARTGetChar
 .text.UARTPuts
                0x00010da8       0x3c ..//common/src/debug_frmwrk.o
                0x00010da8                UARTPuts
 .text.UARTPuts_
                0x00010de4       0x34 ..//common/src/debug_frmwrk.o
                0x00010de4                UARTPuts_
 .text.UARTPutDec
                0x00010e18       0xe8 ..//common/src/debug_frmwrk.o
                0x00010e18                UARTPutDec
 .text.UARTPutDec16
                0x00010f00      0x188 ..//common/src/debug_frmwrk.o
                0x00010f00                UARTPutDec16
 .text.UARTPutDec32
                0x00011088      0x300 ..//common/src/debug_frmwrk.o
                0x00011088                UARTPutDec32
 .text.UARTPutHex
                0x00011388       0x80 ..//common/src/debug_frmwrk.o
                0x00011388                UARTPutHex
 .text.UARTPutHex16
                0x00011408       0x80 ..//common/src/debug_frmwrk.o
                0x00011408                UARTPutHex16
 .text.UARTPutHex32
                0x00011488       0x80 ..//common/src/debug_frmwrk.o
                0x00011488                UARTPutHex32
 .text.debug_frmwrk_init
                0x00011508      0x148 ..//common/src/debug_frmwrk.o
                0x00011508                debug_frmwrk_init
 .text.uart_set_divisors
                0x00011650      0x28c ..//common/src/lpc17xx_uart.o
                0x00011650                uart_set_divisors
 .text.UART_Init
                0x000118dc      0x2ac ..//common/src/lpc17xx_uart.o
                0x000118dc                UART_Init
 .text.UART_ConfigStructInit
                0x00011b88       0x34 ..//common/src/lpc17xx_uart.o
                0x00011b88                UART_ConfigStructInit
 .text.UART_SendByte
                0x00011bbc       0x34 ..//common/src/lpc17xx_uart.o
                0x00011bbc                UART_SendByte
 .text.UART_ReceiveByte
                0x00011bf0       0x30 ..//common/src/lpc17xx_uart.o
                0x00011bf0                UART_ReceiveByte
 .text.UART_Send
                0x00011c20      0x118 ..//common/src/lpc17xx_uart.o
                0x00011c20                UART_Send
 .text.UART_Receive
                0x00011d38       0xe4 ..//common/src/lpc17xx_uart.o
                0x00011d38                UART_Receive
 .text.UART_TxCmd
                0x00011e1c       0x90 ..//common/src/lpc17xx_uart.o
                0x00011e1c                UART_TxCmd
 .text.CLKPWR_SetPCLKDiv
                0x00011eac       0xcc ..//common/src/lpc17xx_clkpwr.o
                0x00011eac                CLKPWR_SetPCLKDiv
 .text.CLKPWR_GetPCLKSEL
                0x00011f78       0x54 ..//common/src/lpc17xx_clkpwr.o
                0x00011f78                CLKPWR_GetPCLKSEL
 .text.CLKPWR_GetPCLK
                0x00011fcc       0x74 ..//common/src/lpc17xx_clkpwr.o
                0x00011fcc                CLKPWR_GetPCLK
 .text.CLKPWR_ConfigPPWR
                0x00012040       0x7c ..//common/src/lpc17xx_clkpwr.o
                0x00012040                CLKPWR_ConfigPPWR
 .text.NVIC_EnableIRQ
                0x000120bc       0x38 ..//common/src/lpc17xx_i2c.o
 .text.NVIC_DisableIRQ
                0x000120f4       0x3c ..//common/src/lpc17xx_i2c.o
 .text.I2C_DeInit
                0x00012130       0x7c ..//common/src/lpc17xx_i2c.o
                0x00012130                I2C_DeInit
 .text.I2C_Cmd  0x000121ac       0x30 ..//common/src/lpc17xx_i2c.o
                0x000121ac                I2C_Cmd
 .text.I2C_IntCmd
                0x000121dc       0xd0 ..//common/src/lpc17xx_i2c.o
                0x000121dc                I2C_IntCmd
 .text.few_ticks
                0x000122ac       0xc8 ..//common/src/delay.o
                0x000122ac                few_ticks
 .text._delay_us
                0x00012374       0x34 ..//common/src/delay.o
                0x00012374                _delay_us
 .text._delay_ms
                0x000123a8       0x28 ..//common/src/delay.o
                0x000123a8                _delay_ms
 .text._ZdlPv   0x000123d0       0x1c ..//common/src/mini_cpp.o
                0x000123d0                operator delete(void*)
 .text.__aeabi_atexit
                0x000123ec       0x1c ..//common/src/mini_cpp.o
                0x000123ec                __aeabi_atexit
 .text.NVIC_EnableIRQ
                0x00012408       0x38 ..//drivers/timer/timer.o
 .text.NVIC_SetPriority
                0x00012440       0x5c ..//drivers/timer/timer.o
 .text.enable_timer
                0x0001249c       0xa8 ..//drivers/timer/timer.o
                0x0001249c                enable_timer
 .text.reset_timer
                0x00012544       0x98 ..//drivers/timer/timer.o
                0x00012544                reset_timer
 .text.init_timer0_freq
                0x000125dc       0xdc ..//drivers/timer/timer.o
                0x000125dc                init_timer0_freq
 .text.init_timer1_freq
                0x000126b8       0xdc ..//drivers/timer/timer.o
                0x000126b8                init_timer1_freq
 .text.init_timer2_freq
                0x00012794       0xdc ..//drivers/timer/timer.o
                0x00012794                init_timer2_freq
 .text.init_timer3_freq
                0x00012870       0xdc ..//drivers/timer/timer.o
                0x00012870                init_timer3_freq
 .text.UART0_IRQHandler
                0x0001294c       0xdc ..//drivers/UART/uart.o
                0x0001294c                UART0_IRQHandler
 .text.UART2_IRQHandler
                0x00012a28      0x160 ..//drivers/UART/uart.o
                0x00012a28                UART2_IRQHandler
 .text.UART3_IRQHandler
                0x00012b88      0x138 ..//drivers/UART/uart.o
                0x00012b88                UART3_IRQHandler
 .text.Uart_PutCharBuf2
                0x00012cc0       0x64 ..//drivers/UART/uart.o
                0x00012cc0                Uart_PutCharBuf2
 .text.Uart_StartSending2
                0x00012d24       0x50 ..//drivers/UART/uart.o
                0x00012d24                Uart_StartSending2
 .text.Uart_SendCharArray2
                0x00012d74       0x58 ..//drivers/UART/uart.o
                0x00012d74                Uart_SendCharArray2
 .text.Uart_GetC2
                0x00012dcc       0x30 ..//drivers/UART/uart.o
                0x00012dcc                Uart_GetC2
 .text.Uart_ChkRcv2
                0x00012dfc       0x1c ..//drivers/UART/uart.o
                0x00012dfc                Uart_ChkRcv2
 .text.uart2TxRxEnable
                0x00012e18       0x20 ..//drivers/UART/uart.o
                0x00012e18                uart2TxRxEnable
 .text.Wait4DevInt
                0x00012e38       0x38 ..//drivers/USB/usbhw_lpc.o
 .text.USBHwCmd
                0x00012e70       0x48 ..//drivers/USB/usbhw_lpc.o
 .text.USBHwCmdWrite
                0x00012eb8       0x48 ..//drivers/USB/usbhw_lpc.o
 .text.USBHwCmdRead
                0x00012f00       0x54 ..//drivers/USB/usbhw_lpc.o
 .text.USBHwEPRealize
                0x00012f54       0x64 ..//drivers/USB/usbhw_lpc.o
 .text.USBHwEPEnable
                0x00012fb8       0x3c ..//drivers/USB/usbhw_lpc.o
 .text.USBHwEPConfig
                0x00012ff4       0x50 ..//drivers/USB/usbhw_lpc.o
                0x00012ff4                USBHwEPConfig
 .text.USBHwRegisterEPIntHandler
                0x00013044       0x8c ..//drivers/USB/usbhw_lpc.o
                0x00013044                USBHwRegisterEPIntHandler
 .text.USBHwRegisterDevIntHandler
                0x000130d0       0x3c ..//drivers/USB/usbhw_lpc.o
                0x000130d0                USBHwRegisterDevIntHandler
 .text.USBHwRegisterFrameHandler
                0x0001310c       0x3c ..//drivers/USB/usbhw_lpc.o
                0x0001310c                USBHwRegisterFrameHandler
 .text.USBHwSetAddress
                0x00013148       0x30 ..//drivers/USB/usbhw_lpc.o
                0x00013148                USBHwSetAddress
 .text.USBHwConnect
                0x00013178       0x2c ..//drivers/USB/usbhw_lpc.o
                0x00013178                USBHwConnect
 .text.USBHwNakIntEnable
                0x000131a4       0x24 ..//drivers/USB/usbhw_lpc.o
                0x000131a4                USBHwNakIntEnable
 .text.USBHwEPGetStatus
                0x000131c8       0x40 ..//drivers/USB/usbhw_lpc.o
                0x000131c8                USBHwEPGetStatus
 .text.USBHwEPStall
                0x00013208       0x50 ..//drivers/USB/usbhw_lpc.o
                0x00013208                USBHwEPStall
 .text.USBHwEPWrite
                0x00013258       0xd8 ..//drivers/USB/usbhw_lpc.o
                0x00013258                USBHwEPWrite
 .text.USBHwEPRead
                0x00013330      0x108 ..//drivers/USB/usbhw_lpc.o
                0x00013330                USBHwEPRead
 .text.USBHwConfigDevice
                0x00013438       0x2c ..//drivers/USB/usbhw_lpc.o
                0x00013438                USBHwConfigDevice
 .text.USBHwISR
                0x00013464      0x1a8 ..//drivers/USB/usbhw_lpc.o
                0x00013464                USBHwISR
 .text.USBHwInit
                0x0001360c      0x11c ..//drivers/USB/usbhw_lpc.o
                0x0001360c                USBHwInit
 .text.fifo_init
                0x00013728       0x2c ..//drivers/USB/serial_fifo.o
                0x00013728                fifo_init
 .text.fifo_put
                0x00013754       0x60 ..//drivers/USB/serial_fifo.o
                0x00013754                fifo_put
 .text.fifo_get
                0x000137b4       0x64 ..//drivers/USB/serial_fifo.o
                0x000137b4                fifo_get
 .text.fifo_avail
                0x00013818       0x3c ..//drivers/USB/serial_fifo.o
                0x00013818                fifo_avail
 .text.fifo_free
                0x00013854       0x28 ..//drivers/USB/serial_fifo.o
                0x00013854                fifo_free
 .text.HandleUsbReset
                0x0001387c       0x14 ..//drivers/USB/usbinit.o
 .text.USBInit  0x00013890       0x98 ..//drivers/USB/usbinit.o
                0x00013890                USBInit
 .text._HandleRequest
                0x00013928       0x50 ..//drivers/USB/usbcontrol.o
 .text.StallControlPipe
                0x00013978       0x44 ..//drivers/USB/usbcontrol.o
 .text.DataIn   0x000139bc       0x70 ..//drivers/USB/usbcontrol.o
 .text.USBHandleControlTransfer
                0x00013a2c      0x260 ..//drivers/USB/usbcontrol.o
                0x00013a2c                USBHandleControlTransfer
 .text.USBRegisterRequestHandler
                0x00013c8c       0x38 ..//drivers/USB/usbcontrol.o
                0x00013c8c                USBRegisterRequestHandler
 .text.USBRegisterDescriptors
                0x00013cc4       0x20 ..//drivers/USB/usbstdreq.o
                0x00013cc4                USBRegisterDescriptors
 .text.USBGetDescriptor
                0x00013ce4       0xb0 ..//drivers/USB/usbstdreq.o
                0x00013ce4                USBGetDescriptor
 .text.USBSetConfiguration
                0x00013d94       0xe4 ..//drivers/USB/usbstdreq.o
 .text.HandleStdDeviceReq
                0x00013e78      0x104 ..//drivers/USB/usbstdreq.o
 .text.HandleStdInterfaceReq
                0x00013f7c       0xb4 ..//drivers/USB/usbstdreq.o
 .text.HandleStdEndPointReq
                0x00014030       0xf4 ..//drivers/USB/usbstdreq.o
 .text.USBHandleStandardRequest
                0x00014124       0x98 ..//drivers/USB/usbstdreq.o
                0x00014124                USBHandleStandardRequest
 .text.iap_init
                0x000141bc       0x30 ..//drivers/IAP/iap_driver.o
                0x000141bc                iap_init
 .text.ring_init
                0x000141ec       0x3c ..//utils/ring_buffer/ring.o
                0x000141ec                ring_init
 .text.ring_is_full
                0x00014228       0x4c ..//utils/ring_buffer/ring.o
                0x00014228                ring_is_full
 .text.ring_is_empty
                0x00014274       0x2c ..//utils/ring_buffer/ring.o
                0x00014274                ring_is_empty
 .text.ring_putc
                0x000142a0       0x60 ..//utils/ring_buffer/ring.o
                0x000142a0                ring_putc
 .text.ring_getc
                0x00014300       0x7c ..//utils/ring_buffer/ring.o
                0x00014300                ring_getc
 .text.ring_clear
                0x0001437c       0x24 ..//utils/ring_buffer/ring.o
                0x0001437c                ring_clear
 .text.ee_strnlen
                0x000143a0       0x4c ..//utils/printf/ee_printf-arg.o
 .text.ee_skip_atoi
                0x000143ec       0x58 ..//utils/printf/ee_printf-arg.o
 .text.ee_number
                0x00014444      0x2e4 ..//utils/printf/ee_printf-arg.o
 .text.eaddr    0x00014728      0x15c ..//utils/printf/ee_printf-arg.o
 .text.iaddr    0x00014884      0x28c ..//utils/printf/ee_printf-arg.o
 .text.ee_bufcpy
                0x00014b10       0x40 ..//utils/printf/ee_printf-arg.o
 .text.parse_float
                0x00014b50      0x424 ..//utils/printf/ee_printf-arg.o
 .text.decimal_point
                0x00014f74       0xa0 ..//utils/printf/ee_printf-arg.o
 .text.cropzeros
                0x00015014       0xb0 ..//utils/printf/ee_printf-arg.o
 .text.flt      0x000150c4      0x27c ..//utils/printf/ee_printf-arg.o
 .text.ee_vsprintf
                0x00015340      0x590 ..//utils/printf/ee_printf-arg.o
 .text.uart_send_char
                0x000158d0       0x34 ..//utils/printf/ee_printf-arg.o
                0x000158d0                uart_send_char
 .text.printf   0x00015904       0x94 ..//utils/printf/ee_printf-arg.o
                0x00015904                printf
 .text.io_update
                0x00015998      0x24c ..//utils/input_output/input_output.o
                0x00015998                io_update
 .text.io_init  0x00015be4      0x128 ..//utils/input_output/input_output.o
                0x00015be4                io_init
 .text.io_read_input
                0x00015d0c       0x34 ..//utils/input_output/input_output.o
                0x00015d0c                io_read_input
 .text.io_configure
                0x00015d40       0x54 ..//utils/input_output/input_output.o
                0x00015d40                io_configure
 .text.io_set_output
                0x00015d94       0x5c ..//utils/input_output/input_output.o
                0x00015d94                io_set_output
 .text.GPIO_Read
                0x00015df0       0x3c ..//utils/input_output/input_output.o
                0x00015df0                GPIO_Read
 .text.GPIO_Configure
                0x00015e2c       0x54 ..//utils/input_output/input_output.o
                0x00015e2c                GPIO_Configure
 .text.GPIO_Set
                0x00015e80       0x38 ..//utils/input_output/input_output.o
                0x00015e80                GPIO_Set
 .text.GPIO_Clear
                0x00015eb8       0x38 ..//utils/input_output/input_output.o
                0x00015eb8                GPIO_Clear
 .text.Move_Motor
                0x00015ef0       0x2c ..//utils/multi-steppers/multi-steppers.o
                0x00015ef0                Move_Motor
 .text.Make_Pulses
                0x00015f1c       0x24 ..//utils/multi-steppers/multi-steppers.o
                0x00015f1c                Make_Pulses
 .text.Pulse_Clear
                0x00015f40       0x28 ..//utils/multi-steppers/multi-steppers.o
                0x00015f40                Pulse_Clear
 .text.stepper_make_pulses
                0x00015f68      0x15c ..//utils/multi-steppers/multi-steppers.o
                0x00015f68                stepper_make_pulses
 *fill*         0x000160c4        0x4 00
 .text.stepper_update_freq
                0x000160c8      0x708 ..//utils/multi-steppers/multi-steppers.o
                0x000160c8                stepper_update_freq
 .text.stepper_stop_distance
                0x000167d0       0x68 ..//utils/multi-steppers/multi-steppers.o
                0x000167d0                stepper_stop_distance
 .text.stepper_next_position
                0x00016838      0x51c ..//utils/multi-steppers/multi-steppers.o
                0x00016838                stepper_next_position
 *fill*         0x00016d54        0x4 00
 .text.stepper_init_pulse_generator_single_axis
                0x00016d58      0x428 ..//utils/multi-steppers/multi-steppers.o
                0x00016d58                stepper_init_pulse_generator_single_axis
 .text.stepper_init_pulse_generator
                0x00017180      0x148 ..//utils/multi-steppers/multi-steppers.o
                0x00017180                stepper_init_pulse_generator
 .text.stepper_init_profiler
                0x000172c8       0x84 ..//utils/multi-steppers/multi-steppers.o
                0x000172c8                stepper_init_profiler
 .text.stepper_init_all_profilers
                0x0001734c       0x54 ..//utils/multi-steppers/multi-steppers.o
                0x0001734c                stepper_init_all_profilers
 .text.stepper_init
                0x000173a0       0x20 ..//utils/multi-steppers/multi-steppers.o
                0x000173a0                stepper_init
 .text.stepper_move_motor
                0x000173c0       0x68 ..//utils/multi-steppers/multi-steppers.o
                0x000173c0                stepper_move_motor
 .text.stepper_stop_motor
                0x00017428       0x6c ..//utils/multi-steppers/multi-steppers.o
                0x00017428                stepper_stop_motor
 .text.stepper_set_new_profile
                0x00017494       0x6c ..//utils/multi-steppers/multi-steppers.o
                0x00017494                stepper_set_new_profile
 .text.stepper_set_final_pos
                0x00017500       0x3c ..//utils/multi-steppers/multi-steppers.o
                0x00017500                stepper_set_final_pos
 .text.stepper_get_cur_pos
                0x0001753c       0x7c ..//utils/multi-steppers/multi-steppers.o
                0x0001753c                stepper_get_cur_pos
 .text.ulceil   0x000175b8       0x38 ..//utils/multi-steppers/multi-steppers.o
 .text.I2C0_IRQHandler
                0x000175f0      0x4c4 ..//utils/i2ceeprom/i2c.o
                0x000175f0                I2C0_IRQHandler
 .text.I2CStart
                0x00017ab4       0x60 ..//utils/i2ceeprom/i2c.o
 .text.I2CStop  0x00017b14       0x70 ..//utils/i2ceeprom/i2c.o
 .text.I2CInit  0x00017b84      0x114 ..//utils/i2ceeprom/i2c.o
                0x00017b84                I2CInit
 .text.I2CDeinit
                0x00017c98       0x20 ..//utils/i2ceeprom/i2c.o
                0x00017c98                I2CDeinit
 .text.I2CEngine
                0x00017cb8       0x6c ..//utils/i2ceeprom/i2c.o
                0x00017cb8                I2CEngine
 .text.i2cEEPROM_write8
                0x00017d24      0x1e0 ..//utils/i2ceeprom/i2c_eeprom.o
                0x00017d24                i2cEEPROM_write8
 .text.i2cEEPROM_read8
                0x00017f04      0x274 ..//utils/i2ceeprom/i2c_eeprom.o
                0x00017f04                i2cEEPROM_read8
 .text.NVIC_EnableIRQ
                0x00018178       0x38 ..//utils/usbSerial/usbSerial.o
 .text.BulkOut  0x000181b0       0x88 ..//utils/usbSerial/usbSerial.o
 .text.BulkIn   0x00018238       0xa0 ..//utils/usbSerial/usbSerial.o
 .text.HandleClassRequest
                0x000182d8       0x84 ..//utils/usbSerial/usbSerial.o
 .text.VCOM_init
                0x0001835c       0x3c ..//utils/usbSerial/usbSerial.o
                0x0001835c                VCOM_init
 .text.VCOM_putchar
                0x00018398       0x38 ..//utils/usbSerial/usbSerial.o
                0x00018398                VCOM_putchar
 .text.VCOM_ChkRcv
                0x000183d0       0x1c ..//utils/usbSerial/usbSerial.o
                0x000183d0                VCOM_ChkRcv
 .text.VCOM_GetCh
                0x000183ec       0x30 ..//utils/usbSerial/usbSerial.o
                0x000183ec                VCOM_GetCh
 .text.USB_IRQHandler
                0x0001841c       0x10 ..//utils/usbSerial/usbSerial.o
                0x0001841c                USB_IRQHandler
 .text.USBFrameHandler
                0x0001842c       0x38 ..//utils/usbSerial/usbSerial.o
 .text.usbSerialInit
                0x00018464       0xd4 ..//utils/usbSerial/usbSerial.o
                0x00018464                usbSerialInit
 .text.modUSB_init
                0x00018538       0x48 ..//utils/usbSerial/usbSerial.o
                0x00018538                modUSB_init
 .text.getUartdata
                0x00018580       0xe0 ..//utils/modbus/modbus.o
                0x00018580                getUartdata
 .text.checkModbusData
                0x00018660       0x38 ..//utils/modbus/modbus.o
                0x00018660                checkModbusData
 .text.modInit  0x00018698       0x3c ..//utils/modbus/modbus.o
                0x00018698                modInit
 .text.TIMER3_IRQHandler
                0x000186d4       0x54 ..//PHY/interrupts.o
                0x000186d4                TIMER3_IRQHandler
 .text.TIMER1_IRQHandler
                0x00018728       0x28 ..//PHY/interrupts.o
                0x00018728                TIMER1_IRQHandler
 .text.TIMER2_IRQHandler
                0x00018750       0x28 ..//PHY/interrupts.o
                0x00018750                TIMER2_IRQHandler
 .text.TIMER0_IRQHandler
                0x00018778      0x17c ..//PHY/interrupts.o
                0x00018778                TIMER0_IRQHandler
 .text.init_timers
                0x000188f4       0x44 ..//PHY/interrupts.o
                0x000188f4                init_timers
 .text.start_timers
                0x00018938       0x50 ..//PHY/interrupts.o
                0x00018938                start_timers
 .text._ZN13State_MachineD2Ev
                0x00018988       0x34 ..//PHY/main.o
                0x00018988                State_Machine::~State_Machine()
 .text.main     0x000189bc      0x3a0 ..//PHY/main.o
                0x000189bc                main
 .text._Z40set_holding_registers_values_accel_tableii
                0x00018d5c       0x1c ..//PHY/main.o
                0x00018d5c                set_holding_registers_values_accel_table(int, int)
 .text.set_holding_registers_values
                0x00018d78       0x20 ..//PHY/main.o
                0x00018d78                set_holding_registers_values
 .text._Z20execute_eeprom_writei
                0x00018d98       0xa8 ..//PHY/main.o
                0x00018d98                execute_eeprom_write(int)
 .text.apply_modbus_values
                0x00018e40       0x18 ..//PHY/main.o
                0x00018e40                apply_modbus_values
 .text.update_sm_operation_every_1ms
                0x00018e58       0x3c ..//PHY/main.o
                0x00018e58                update_sm_operation_every_1ms
 .text._ZN12SM_OPERATIOND1Ev
                0x00018e94       0x44 ..//PHY/main.o
                0x00018e94                SM_OPERATION::~SM_OPERATION()
 .text._Z41__static_initialization_and_destruction_0ii
                0x00018ed8       0xa8 ..//PHY/main.o
 .text._GLOBAL__I_delay_timer_32
                0x00018f80       0x18 ..//PHY/main.o
 .text._Z20write_objects_eepromsPvi
                0x00018f98      0x13c ..//PHY/config_data.o
                0x00018f98                write_objects_eeprom(short, void*, int)
 .text._Z19read_objects_eepromsPvi
                0x000190d4      0x130 ..//PHY/config_data.o
                0x000190d4                read_objects_eeprom(short, void*, int)
 .text._Z19read_config_versionRhS_
                0x00019204      0x16c ..//PHY/config_data.o
                0x00019204                read_config_version(unsigned char&, unsigned char&)
 .text._Z16read_config_datav
                0x00019370       0x6c ..//PHY/config_data.o
                0x00019370                read_config_data()
 .text._Z17write_config_datav
                0x000193dc       0x44 ..//PHY/config_data.o
                0x000193dc                write_config_data()
 .text._Z25write_config_data_table_1v
                0x00019420       0x10 ..//PHY/config_data.o
                0x00019420                write_config_data_table_1()
 .text._Z25write_config_data_table_2v
                0x00019430       0x10 ..//PHY/config_data.o
                0x00019430                write_config_data_table_2()
 .text._Z25write_config_data_table_3v
                0x00019440       0x10 ..//PHY/config_data.o
                0x00019440                write_config_data_table_3()
 .text._Z19config_set_defaultshh
                0x00019450       0x58 ..//PHY/config_data.o
                0x00019450                config_set_defaults(unsigned char, unsigned char)
 .text._Z7dt_initv
                0x000194a8       0x18 ..//utils/delay_timer/delay_timer.o
                0x000194a8                dt_init()
 .text._ZL11value_checkv
                0x000194c0       0x60 ..//utils/delay_timer/delay_timer.o
 .text._ZL9is_timeupmm
                0x00019520       0x4c ..//utils/delay_timer/delay_timer.o
 .text._Z12dt_is_timeupi
                0x0001956c       0x40 ..//utils/delay_timer/delay_timer.o
                0x0001956c                dt_is_timeup(int)
 .text._Z8dt_reseti
                0x000195ac       0x34 ..//utils/delay_timer/delay_timer.o
                0x000195ac                dt_reset(int)
 .text._Z12dt_set_delayim
                0x000195e0       0x24 ..//utils/delay_timer/delay_timer.o
                0x000195e0                dt_set_delay(int, unsigned long)
 .text._ZN13State_MachineD1Ev
                0x00019604       0x34 ..//utils/state_machine/state_machine.o
                0x00019604                State_Machine::~State_Machine()
 .text._ZN13State_MachineD0Ev
                0x00019638       0x34 ..//utils/state_machine/state_machine.o
                0x00019638                State_Machine::~State_Machine()
 .text._ZN13State_MachineC2Ev
                0x0001966c       0x38 ..//utils/state_machine/state_machine.o
                0x0001966c                State_Machine::State_Machine()
 .text._ZN13State_Machine6updateEv
                0x000196a4       0x18 ..//utils/state_machine/state_machine.o
                0x000196a4                State_Machine::update()
 .text._ZN13State_Machine6updateEi
                0x000196bc       0x1c ..//utils/state_machine/state_machine.o
                0x000196bc                State_Machine::update(int)
 .text._ZN13State_Machine5resetEv
                0x000196d8       0x28 ..//utils/state_machine/state_machine.o
                0x000196d8                State_Machine::reset()
 .text._ZN13State_Machine10SM_startedEv
                0x00019700       0x18 ..//utils/state_machine/state_machine.o
                0x00019700                State_Machine::SM_started()
 .text._ZN13State_Machine8SM_startEv
                0x00019718       0x20 ..//utils/state_machine/state_machine.o
                0x00019718                State_Machine::SM_start()
 .text._ZN13State_Machine7SM_stopEv
                0x00019738       0x28 ..//utils/state_machine/state_machine.o
                0x00019738                State_Machine::SM_stop()
 .text._ZN13State_Machine8SM_pauseEi
                0x00019760       0x5c ..//utils/state_machine/state_machine.o
                0x00019760                State_Machine::SM_pause(int)
 .text._Z16modbus_configureP8modbus_tlijPj
                0x000197bc       0x78 ..//utils/modbus/SimpleModbusSlave_1769.o
                0x000197bc                modbus_configure(modbus_t*, long, int, unsigned int, unsigned int*)
 .text.modbus_update
                0x00019834      0x50c ..//utils/modbus/SimpleModbusSlave_1769.o
                0x00019834                modbus_update
 .text._Z17exceptionResponseP8modbus_th
                0x00019d40       0x7c ..//utils/modbus/SimpleModbusSlave_1769.o
                0x00019d40                exceptionResponse(modbus_t*, unsigned char)
 .text._Z12calculateCRCP8modbus_th
                0x00019dbc       0xb8 ..//utils/modbus/SimpleModbusSlave_1769.o
                0x00019dbc                calculateCRC(modbus_t*, unsigned char)
 .text._Z10sendPacketP8modbus_th
                0x00019e74       0x7c ..//utils/modbus/SimpleModbusSlave_1769.o
                0x00019e74                sendPacket(modbus_t*, unsigned char)
 .text._Z11getRegisterP8modbus_ti
                0x00019ef0       0x8c ..//utils/modbus/SimpleModbusSlave_1769.o
                0x00019ef0                getRegister(modbus_t*, int)
 .text._Z11setRegisterP8modbus_tii
                0x00019f7c       0x9c ..//utils/modbus/SimpleModbusSlave_1769.o
                0x00019f7c                setRegister(modbus_t*, int, int)
 .text._ZN12SM_OPERATIONC1Ev
                0x0001a018       0x44 ..//PHY/state_machines/SM_Operation.o
                0x0001a018                SM_OPERATION::SM_OPERATION()
 .text._ZN12SM_OPERATION6updateEv
                0x0001a05c      0x584 ..//PHY/state_machines/SM_Operation.o
                0x0001a05c                SM_OPERATION::update()
 .text._ZN12SM_OPERATIOND0Ev
                0x0001a5e0       0x44 ..//PHY/state_machines/SM_Operation.o
                0x0001a5e0                SM_OPERATION::~SM_OPERATION()
 *fill*         0x0001a624        0x4 00
 .text          0x0001a628      0x120 c:/program files (x86)/codesourcery/sourcery g++ lite/bin/../lib/gcc/arm-none-eabi/4.4.1/../../../../arm-none-eabi/lib/thumb2\libm.a(lib_a-s_ceil.o)
                0x0001a628                ceil
 .text          0x0001a748       0x10 c:/program files (x86)/codesourcery/sourcery g++ lite/bin/../lib/gcc/arm-none-eabi/4.4.1/../../../../arm-none-eabi/lib/thumb2\libc.a(lib_a-abort.o)
                0x0001a748                abort
 .text          0x0001a758      0x688 c:/program files (x86)/codesourcery/sourcery g++ lite/bin/../lib/gcc/arm-none-eabi/4.4.1/../../../../arm-none-eabi/lib/thumb2\libc.a(lib_a-ecvtbuf.o)
                0x0001a888                _gcvt
                0x0001aa90                ecvtbuf
                0x0001ab44                fcvtbuf
                0x0001ac34                _dcvt
 .text          0x0001ade0       0x20 c:/program files (x86)/codesourcery/sourcery g++ lite/bin/../lib/gcc/arm-none-eabi/4.4.1/../../../../arm-none-eabi/lib/thumb2\libc.a(lib_a-malloc.o)
                0x0001ade0                free
                0x0001adf0                malloc
 .text          0x0001ae00      0x5a4 c:/program files (x86)/codesourcery/sourcery g++ lite/bin/../lib/gcc/arm-none-eabi/4.4.1/../../../../arm-none-eabi/lib/thumb2\libc.a(lib_a-mallocr.o)
                0x0001ae00                _malloc_r
 .text          0x0001b3a4      0x190 c:/program files (x86)/codesourcery/sourcery g++ lite/bin/../lib/gcc/arm-none-eabi/4.4.1/../../../../arm-none-eabi/lib/thumb2\libc.a(lib_a-memcpy.o)
                0x0001b3a4                memcpy
 .text          0x0001b534       0xd4 c:/program files (x86)/codesourcery/sourcery g++ lite/bin/../lib/gcc/arm-none-eabi/4.4.1/../../../../arm-none-eabi/lib/thumb2\libc.a(lib_a-memset.o)
                0x0001b534                memset
 .text          0x0001b608        0x8 c:/program files (x86)/codesourcery/sourcery g++ lite/bin/../lib/gcc/arm-none-eabi/4.4.1/../../../../arm-none-eabi/lib/thumb2\libc.a(lib_a-mlock.o)
                0x0001b608                __malloc_lock
                0x0001b60c                __malloc_unlock
 .text          0x0001b610      0x958 c:/program files (x86)/codesourcery/sourcery g++ lite/bin/../lib/gcc/arm-none-eabi/4.4.1/../../../../arm-none-eabi/lib/thumb2\libc.a(lib_a-mprec.o)
                0x0001b610                __hi0bits
                0x0001b650                __lo0bits
                0x0001b6b4                __mcmp
                0x0001b6f4                __ulp
                0x0001b740                __b2d
                0x0001b7e8                __ratio
                0x0001b848                _mprec_log10
                0x0001b880                __copybits
                0x0001b8d0                __any_on
                0x0001b928                _Bfree
                0x0001b960                _Balloc
                0x0001b9cc                __d2b
                0x0001ba9c                __mdiff
                0x0001bb94                __lshift
                0x0001bc50                __multiply
                0x0001bd84                __i2b
                0x0001bd98                __multadd
                0x0001be20                __pow5mult
                0x0001becc                __s2b
 .text          0x0001bf68       0x88 c:/program files (x86)/codesourcery/sourcery g++ lite/bin/../lib/gcc/arm-none-eabi/4.4.1/../../../../arm-none-eabi/lib/thumb2\libc.a(lib_a-puts.o)
                0x0001bf68                _puts_r
                0x0001bfe0                puts
 .text          0x0001bff0      0x3b4 c:/program files (x86)/codesourcery/sourcery g++ lite/bin/../lib/gcc/arm-none-eabi/4.4.1/../../../../arm-none-eabi/lib/thumb2\libc.a(lib_a-reallocr.o)
                0x0001bff0                _realloc_r
 .text          0x0001c3a4       0x28 c:/program files (x86)/codesourcery/sourcery g++ lite/bin/../lib/gcc/arm-none-eabi/4.4.1/../../../../arm-none-eabi/lib/thumb2\libc.a(lib_a-sbrkr.o)
                0x0001c3a4                _sbrk_r
 .text          0x0001c3cc      0x14c c:/program files (x86)/codesourcery/sourcery g++ lite/bin/../lib/gcc/arm-none-eabi/4.4.1/../../../../arm-none-eabi/lib/thumb2\libc.a(lib_a-signal.o)
                0x0001c3cc                _raise_r
                0x0001c424                raise
                0x0001c434                _init_signal_r
                0x0001c45c                _init_signal
                0x0001c468                __sigtramp_r
                0x0001c4bc                __sigtramp
                0x0001c4cc                _signal_r
                0x0001c508                signal
 .text          0x0001c518       0x30 c:/program files (x86)/codesourcery/sourcery g++ lite/bin/../lib/gcc/arm-none-eabi/4.4.1/../../../../arm-none-eabi/lib/thumb2\libc.a(lib_a-signalr.o)
                0x0001c518                _getpid_r
                0x0001c51c                _kill_r
 .text          0x0001c548       0xbc c:/program files (x86)/codesourcery/sourcery g++ lite/bin/../lib/gcc/arm-none-eabi/4.4.1/../../../../arm-none-eabi/lib/thumb2\libc.a(lib_a-strcpy.o)
                0x0001c548                strcpy
 .text          0x0001c604       0x60 c:/program files (x86)/codesourcery/sourcery g++ lite/bin/../lib/gcc/arm-none-eabi/4.4.1/../../../../arm-none-eabi/lib/thumb2\libc.a(lib_a-strlen.o)
                0x0001c604                strlen
 .text          0x0001c664       0x5c c:/program files (x86)/codesourcery/sourcery g++ lite/bin/../lib/gcc/arm-none-eabi/4.4.1/../../../../arm-none-eabi/lib/thumb2\libc.a(lib_a-callocr.o)
                0x0001c664                _calloc_r
 .text          0x0001c6c0      0xfb8 c:/program files (x86)/codesourcery/sourcery g++ lite/bin/../lib/gcc/arm-none-eabi/4.4.1/../../../../arm-none-eabi/lib/thumb2\libc.a(lib_a-dtoa.o)
                0x0001c7e0                _dtoa_r
 .text          0x0001d678      0x1c8 c:/program files (x86)/codesourcery/sourcery g++ lite/bin/../lib/gcc/arm-none-eabi/4.4.1/../../../../arm-none-eabi/lib/thumb2\libc.a(lib_a-findfp.o)
                0x0001d678                __sfp_lock_acquire
                0x0001d67c                __sfp_lock_release
                0x0001d680                __sinit_lock_acquire
                0x0001d684                __sinit_lock_release
                0x0001d690                __fp_unlock_all
                0x0001d6a8                __fp_lock_all
                0x0001d6c0                _cleanup_r
                0x0001d6cc                _cleanup
                0x0001d728                __sfmoreglue
                0x0001d758                __sfp
                0x0001d7e0                __sinit
 .text          0x0001d840      0x268 c:/program files (x86)/codesourcery/sourcery g++ lite/bin/../lib/gcc/arm-none-eabi/4.4.1/../../../../arm-none-eabi/lib/thumb2\libc.a(lib_a-freer.o)
                0x0001d840                _malloc_trim_r
                0x0001d8e8                _free_r
 .text          0x0001daa8      0x334 c:/program files (x86)/codesourcery/sourcery g++ lite/bin/../lib/gcc/arm-none-eabi/4.4.1/../../../../arm-none-eabi/lib/thumb2\libc.a(lib_a-fvwrite.o)
                0x0001daa8                __sfvwrite_r
 .text          0x0001dddc       0xa0 c:/program files (x86)/codesourcery/sourcery g++ lite/bin/../lib/gcc/arm-none-eabi/4.4.1/../../../../arm-none-eabi/lib/thumb2\libc.a(lib_a-fwalk.o)
                0x0001dddc                _fwalk_reent
                0x0001de30                _fwalk
 .text          0x0001de7c       0x74 c:/program files (x86)/codesourcery/sourcery g++ lite/bin/../lib/gcc/arm-none-eabi/4.4.1/../../../../arm-none-eabi/lib/thumb2\libc.a(lib_a-memchr.o)
                0x0001de7c                memchr
 .text          0x0001def0       0xb8 c:/program files (x86)/codesourcery/sourcery g++ lite/bin/../lib/gcc/arm-none-eabi/4.4.1/../../../../arm-none-eabi/lib/thumb2\libc.a(lib_a-memmove.o)
                0x0001def0                memmove
 .text          0x0001dfa8       0x90 c:/program files (x86)/codesourcery/sourcery g++ lite/bin/../lib/gcc/arm-none-eabi/4.4.1/../../../../arm-none-eabi/lib/thumb2\libc.a(lib_a-stdio.o)
                0x0001dfa8                __sclose
                0x0001dfb0                __sseek
                0x0001dfd8                __swrite
                0x0001e014                __sread
 .text          0x0001e038       0x2c c:/program files (x86)/codesourcery/sourcery g++ lite/bin/../lib/gcc/arm-none-eabi/4.4.1/../../../../arm-none-eabi/lib/thumb2\libc.a(lib_a-writer.o)
                0x0001e038                _write_r
 .text          0x0001e064      0x104 c:/program files (x86)/codesourcery/sourcery g++ lite/bin/../lib/gcc/arm-none-eabi/4.4.1/../../../../arm-none-eabi/lib/thumb2\libc.a(lib_a-wsetup.o)
                0x0001e064                __swsetup_r
 .text          0x0001e168       0x28 c:/program files (x86)/codesourcery/sourcery g++ lite/bin/../lib/gcc/arm-none-eabi/4.4.1/../../../../arm-none-eabi/lib/thumb2\libc.a(lib_a-closer.o)
                0x0001e168                _close_r
 .text          0x0001e190       0xcc c:/program files (x86)/codesourcery/sourcery g++ lite/bin/../lib/gcc/arm-none-eabi/4.4.1/../../../../arm-none-eabi/lib/thumb2\libc.a(lib_a-fclose.o)
                0x0001e190                _fclose_r
                0x0001e24c                fclose
 .text          0x0001e25c      0x178 c:/program files (x86)/codesourcery/sourcery g++ lite/bin/../lib/gcc/arm-none-eabi/4.4.1/../../../../arm-none-eabi/lib/thumb2\libc.a(lib_a-fflush.o)
                0x0001e25c                _fflush_r
                0x0001e3ac                fflush
 .text          0x0001e3d4       0x2c c:/program files (x86)/codesourcery/sourcery g++ lite/bin/../lib/gcc/arm-none-eabi/4.4.1/../../../../arm-none-eabi/lib/thumb2\libc.a(lib_a-lseekr.o)
                0x0001e3d4                _lseek_r
 .text          0x0001e400       0xdc c:/program files (x86)/codesourcery/sourcery g++ lite/bin/../lib/gcc/arm-none-eabi/4.4.1/../../../../arm-none-eabi/lib/thumb2\libc.a(lib_a-makebuf.o)
                0x0001e400                __smakebuf_r
 .text          0x0001e4dc       0x2c c:/program files (x86)/codesourcery/sourcery g++ lite/bin/../lib/gcc/arm-none-eabi/4.4.1/../../../../arm-none-eabi/lib/thumb2\libc.a(lib_a-readr.o)
                0x0001e4dc                _read_r
 .text          0x0001e508       0x2c c:/program files (x86)/codesourcery/sourcery g++ lite/bin/../lib/gcc/arm-none-eabi/4.4.1/../../../../arm-none-eabi/lib/thumb2\libc.a(lib_a-fstatr.o)
                0x0001e508                _fstat_r
 .text          0x0001e534       0x28 c:/program files (x86)/codesourcery/sourcery g++ lite/bin/../lib/gcc/arm-none-eabi/4.4.1/../../../../arm-none-eabi/lib/thumb2\libc.a(lib_a-isattyr.o)
                0x0001e534                _isatty_r
 *fill*         0x0001e55c        0x4 00
 .text          0x0001e560      0x278 c:/program files (x86)/codesourcery/sourcery g++ lite/bin/../lib/gcc/arm-none-eabi/4.4.1/thumb2\libgcc.a(_udivsi3.o)
                0x0001e560                __aeabi_uidiv
                0x0001e560                __udivsi3
                0x0001e7bc                __aeabi_uidivmod
 .text          0x0001e7d8        0x4 c:/program files (x86)/codesourcery/sourcery g++ lite/bin/../lib/gcc/arm-none-eabi/4.4.1/thumb2\libgcc.a(_dvmd_tls.o)
                0x0001e7d8                __aeabi_idiv0
                0x0001e7d8                __aeabi_ldiv0
 .text          0x0001e7dc      0x370 c:/program files (x86)/codesourcery/sourcery g++ lite/bin/../lib/gcc/arm-none-eabi/4.4.1/thumb2\libgcc.a(_arm_addsubdf3.o)
                0x0001e7dc                __aeabi_drsub
                0x0001e7e4                __aeabi_dsub
                0x0001e7e4                __subdf3
                0x0001e7e8                __aeabi_dadd
                0x0001e7e8                __adddf3
                0x0001ea60                __floatunsidf
                0x0001ea60                __aeabi_ui2d
                0x0001ea80                __floatsidf
                0x0001ea80                __aeabi_i2d
                0x0001eaa4                __aeabi_f2d
                0x0001eaa4                __extendsfdf2
                0x0001eae0                __floatundidf
                0x0001eae0                __aeabi_ul2d
                0x0001eaf0                __floatdidf
                0x0001eaf0                __aeabi_l2d
 .text          0x0001eb4c      0x424 c:/program files (x86)/codesourcery/sourcery g++ lite/bin/../lib/gcc/arm-none-eabi/4.4.1/thumb2\libgcc.a(_arm_muldivdf3.o)
                0x0001eb4c                __aeabi_dmul
                0x0001eb4c                __muldf3
                0x0001eda0                __divdf3
                0x0001eda0                __aeabi_ddiv
 .text          0x0001ef70      0x110 c:/program files (x86)/codesourcery/sourcery g++ lite/bin/../lib/gcc/arm-none-eabi/4.4.1/thumb2\libgcc.a(_arm_cmpdf2.o)
                0x0001ef70                __gtdf2
                0x0001ef70                __gedf2
                0x0001ef78                __ltdf2
                0x0001ef78                __ledf2
                0x0001ef80                __nedf2
                0x0001ef80                __eqdf2
                0x0001ef80                __cmpdf2
                0x0001effc                __aeabi_cdrcmple
                0x0001f00c                __aeabi_cdcmpeq
                0x0001f00c                __aeabi_cdcmple
                0x0001f01c                __aeabi_dcmpeq
                0x0001f030                __aeabi_dcmplt
                0x0001f044                __aeabi_dcmple
                0x0001f058                __aeabi_dcmpge
                0x0001f06c                __aeabi_dcmpgt
 .text          0x0001f080       0x50 c:/program files (x86)/codesourcery/sourcery g++ lite/bin/../lib/gcc/arm-none-eabi/4.4.1/thumb2\libgcc.a(_arm_fixdfsi.o)
                0x0001f080                __aeabi_d2iz
                0x0001f080                __fixdfsi
 .text          0x0001f0d0       0xa0 c:/program files (x86)/codesourcery/sourcery g++ lite/bin/../lib/gcc/arm-none-eabi/4.4.1/thumb2\libgcc.a(_arm_truncdfsf2.o)
                0x0001f0d0                __truncdfsf2
                0x0001f0d0                __aeabi_d2f
 .text          0x0001f170      0x21c c:/program files (x86)/codesourcery/sourcery g++ lite/bin/../lib/gcc/arm-none-eabi/4.4.1/thumb2\libgcc.a(_arm_addsubsf3.o)
                0x0001f170                __aeabi_frsub
                0x0001f178                __subsf3
                0x0001f178                __aeabi_fsub
                0x0001f17c                __aeabi_fadd
                0x0001f17c                __addsf3
                0x0001f2dc                __aeabi_ui2f
                0x0001f2dc                __floatunsisf
                0x0001f2e4                __aeabi_i2f
                0x0001f2e4                __floatsisf
                0x0001f300                __aeabi_ul2f
                0x0001f300                __floatundisf
                0x0001f310                __aeabi_l2f
                0x0001f310                __floatdisf
 .text          0x0001f38c      0x2a0 c:/program files (x86)/codesourcery/sourcery g++ lite/bin/../lib/gcc/arm-none-eabi/4.4.1/thumb2\libgcc.a(_arm_muldivsf3.o)
                0x0001f38c                __mulsf3
                0x0001f38c                __aeabi_fmul
                0x0001f4f4                __aeabi_fdiv
                0x0001f4f4                __divsf3
 .text          0x0001f62c       0xec c:/program files (x86)/codesourcery/sourcery g++ lite/bin/../lib/gcc/arm-none-eabi/4.4.1/thumb2\libgcc.a(_arm_cmpsf2.o)
                0x0001f62c                __gesf2
                0x0001f62c                __gtsf2
                0x0001f634                __lesf2
                0x0001f634                __ltsf2
                0x0001f63c                __nesf2
                0x0001f63c                __eqsf2
                0x0001f63c                __cmpsf2
                0x0001f69c                __aeabi_cfrcmple
                0x0001f6a4                __aeabi_cfcmpeq
                0x0001f6a4                __aeabi_cfcmple
                0x0001f6b4                __aeabi_fcmpeq
                0x0001f6c8                __aeabi_fcmplt
                0x0001f6dc                __aeabi_fcmple
                0x0001f6f0                __aeabi_fcmpge
                0x0001f704                __aeabi_fcmpgt
 .text          0x0001f718       0x4c c:/program files (x86)/codesourcery/sourcery g++ lite/bin/../lib/gcc/arm-none-eabi/4.4.1/thumb2\libgcc.a(_arm_fixsfsi.o)
                0x0001f718                __aeabi_f2iz
                0x0001f718                __fixsfsi
 .text          0x0001f764       0x2c c:/program files (x86)/codesourcery/sourcery g++ lite/bin/../lib/gcc/arm-none-eabi/4.4.1/thumb2\libgcc.a(_aeabi_uldivmod.o)
                0x0001f764                __aeabi_uldivmod
 .text          0x0001f790       0x58 c:/program files (x86)/codesourcery/sourcery g++ lite/bin/../lib/gcc/arm-none-eabi/4.4.1/thumb2\libgcc.a(bpabi.o)
                0x0001f790                __gnu_uldivmod_helper
                0x0001f7bc                __gnu_ldivmod_helper
 .text          0x0001f7e8      0x364 c:/program files (x86)/codesourcery/sourcery g++ lite/bin/../lib/gcc/arm-none-eabi/4.4.1/thumb2\libgcc.a(_divdi3.o)
                0x0001f7e8                __divdi3
 .text          0x0001fb4c      0x300 c:/program files (x86)/codesourcery/sourcery g++ lite/bin/../lib/gcc/arm-none-eabi/4.4.1/thumb2\libgcc.a(_udivdi3.o)
                0x0001fb4c                __udivdi3
 .text          0x0001fe4c       0x30 c:/program files (x86)/codesourcery/sourcery g++ lite/bin/../lib/gcc/arm-none-eabi/4.4.1/../../../../arm-none-eabi/lib/thumb2\libcs3.a(start_c.o)
                0x0001fe4c                __cs3_premain
 .text.cs3.init
                0x0001fe7c       0x5c c:/program files (x86)/codesourcery/sourcery g++ lite/bin/../lib/gcc/arm-none-eabi/4.4.1/../../../../arm-none-eabi/lib/thumb2\libcs3.a(start_c.o)
                0x0001fe7c                __cs3_start_c
 .text.cs3.init
                0x0001fed8       0x10 c:/program files (x86)/codesourcery/sourcery g++ lite/bin/../lib/gcc/arm-none-eabi/4.4.1/../../../../arm-none-eabi/lib/thumb2\libcs3unhosted.a(unhosted-start.o)
                0x0001fed8                _start
 .text          0x0001fee8       0x50 c:/program files (x86)/codesourcery/sourcery g++ lite/bin/../lib/gcc/arm-none-eabi/4.4.1/../../../../arm-none-eabi/lib/thumb2\libc.a(lib_a-init.o)
                0x0001fee8                __libc_init_array
 *(.plt)
 *(.gnu.warning)
 *(.glue_7t)
 .glue_7t       0x00000000        0x0 linker stubs
 *(.glue_7)
 .glue_7        0x00000000        0x0 linker stubs
 *(.vfp11_veneer)
 .vfp11_veneer  0x00000000        0x0 linker stubs
 *(.rodata .rodata.* .gnu.linkonce.r.*)
 .rodata        0x0001ff38        0x8 ..//common/src/debug_frmwrk.o
 .rodata        0x0001ff40       0x10 ..//drivers/UART/uart.o
 .rodata        0x0001ff50       0x58 ..//utils/printf/ee_printf-arg.o
 .rodata        0x0001ffa8        0xc ..//utils/input_output/input_output.o
 .rodata.abDescriptors
                0x0001ffb4       0x90 ..//utils/usbSerial/usbSerial.o
 .rodata        0x00020044       0x64 ..//PHY/main.o
 .rodata._ZZ4mainE4C.29
                0x000200a8       0x14 ..//PHY/main.o
 .rodata        0x000200bc       0x48 ..//PHY/config_data.o
 *fill*         0x00020104        0x4 00
 .rodata._ZTV13State_Machine
                0x00020108       0x30 ..//utils/state_machine/state_machine.o
                0x00020108                vtable for State_Machine
 .rodata._ZTV12SM_OPERATION
                0x00020138       0x30 ..//PHY/state_machines/SM_Operation.o
                0x00020138                vtable for SM_OPERATION
 .rodata        0x00020168        0x4 c:/program files (x86)/codesourcery/sourcery g++ lite/bin/../lib/gcc/arm-none-eabi/4.4.1/../../../../arm-none-eabi/lib/thumb2\libc.a(lib_a-impure.o)
                0x00020168                _global_impure_ptr
 .rodata.str1.4
                0x0002016c        0x2 c:/program files (x86)/codesourcery/sourcery g++ lite/bin/../lib/gcc/arm-none-eabi/4.4.1/../../../../arm-none-eabi/lib/thumb2\libc.a(lib_a-impure.o)
                                  0x4 (size before relaxing)
 *fill*         0x0002016e        0x2 00
 .rodata        0x00020170      0x128 c:/program files (x86)/codesourcery/sourcery g++ lite/bin/../lib/gcc/arm-none-eabi/4.4.1/../../../../arm-none-eabi/lib/thumb2\libc.a(lib_a-mprec.o)
                0x00020170                __mprec_tens
                0x00020248                __mprec_bigtens
                0x00020270                __mprec_tinytens
 .rodata.str1.4
                0x00020298        0x2 c:/program files (x86)/codesourcery/sourcery g++ lite/bin/../lib/gcc/arm-none-eabi/4.4.1/../../../../arm-none-eabi/lib/thumb2\libc.a(lib_a-puts.o)
                                  0x4 (size before relaxing)
 *fill*         0x0002029a        0x2 00
 .rodata.str1.4
                0x0002029c       0x14 c:/program files (x86)/codesourcery/sourcery g++ lite/bin/../lib/gcc/arm-none-eabi/4.4.1/../../../../arm-none-eabi/lib/thumb2\libc.a(lib_a-dtoa.o)
 .rodata        0x000202b0       0x60 c:/program files (x86)/codesourcery/sourcery g++ lite/bin/../lib/gcc/arm-none-eabi/4.4.1/../../../../arm-none-eabi/lib/thumb2\libc.a(lib_a-findfp.o)
                0x000202b0                __sf_fake_stdin
                0x000202d0                __sf_fake_stdout
                0x000202f0                __sf_fake_stderr
 *(.ARM.extab* .gnu.linkonce.armextab.*)
 *(.gcc_except_table)
 *(.eh_frame_hdr)
 *(.eh_frame)
                0x00020310                . = ALIGN (0x4)
 *(.init)
 .init          0x00020310        0x4 c:/program files (x86)/codesourcery/sourcery g++ lite/bin/../lib/gcc/arm-none-eabi/4.4.1/thumb2/crti.o
                0x00020310                _init
 .init          0x00020314        0x8 c:/program files (x86)/codesourcery/sourcery g++ lite/bin/../lib/gcc/arm-none-eabi/4.4.1/thumb2/crtn.o
                0x0002031c                . = ALIGN (0x4)
                0x0002031c                __preinit_array_start = .
 *(.preinit_array)
                0x0002031c                __preinit_array_end = .
                0x0002031c                . = ALIGN (0x4)
                0x0002031c                __init_array_start = .
 *(SORT(.init_array.*))
 *(.init_array)
 .init_array    0x0002031c        0x4 c:/program files (x86)/codesourcery/sourcery g++ lite/bin/../lib/gcc/arm-none-eabi/4.4.1/thumb2/crtbegin.o
 .init_array    0x00020320        0x4 ..//PHY/main.o
                0x00020324                __init_array_end = .
                0x00020324                . = ALIGN (0x4)
 *crtbegin.o(.ctors)
 *(EXCLUDE_FILE(*crtend.o) .ctors)
 *(SORT(.ctors.*))
 *crtend.o(.ctors)
                0x00020324                . = ALIGN (0x4)
 *(.fini)
 .fini          0x00020324        0x4 c:/program files (x86)/codesourcery/sourcery g++ lite/bin/../lib/gcc/arm-none-eabi/4.4.1/thumb2/crti.o
                0x00020324                _fini
 .fini          0x00020328        0x8 c:/program files (x86)/codesourcery/sourcery g++ lite/bin/../lib/gcc/arm-none-eabi/4.4.1/thumb2/crtn.o
                0x00020330                . = ALIGN (0x4)
                0x00020330                __fini_array_start = .
 *(.fini_array)
 .fini_array    0x00020330        0x4 c:/program files (x86)/codesourcery/sourcery g++ lite/bin/../lib/gcc/arm-none-eabi/4.4.1/thumb2/crtbegin.o
 *(SORT(.fini_array.*))
                0x00020334                __fini_array_end = .
 *crtbegin.o(.dtors)
 *(EXCLUDE_FILE(*crtend.o) .dtors)
 *(SORT(.dtors.*))
 *crtend.o(.dtors)
                0x00020334                . = ALIGN (0x4)
                0x00020334                __cs3_regions = .
                0x00020334        0x4 LONG 0x0
                0x00020338        0x4 LONG 0x20350 __cs3_region_init_ram
                0x0002033c        0x4 LONG 0x100000c8 __cs3_region_start_ram
                0x00020340        0x4 LONG 0x5c0 __cs3_region_init_size_ram
                0x00020344        0x4 LONG 0x1930 __cs3_region_zero_size_ram
                0x00020348                __exidx_start = .

.v4_bx          0x00020348        0x0
 .v4_bx         0x00000000        0x0 linker stubs

.ARM.exidx      0x00020348        0x8
 *(.ARM.exidx* .gnu.linkonce.armexidx.*)
 .ARM.exidx.cs3.reset
                0x00020348        0x8 ..//common/Core/CM3/startup_LPC17xx.o
 .ARM.exidx     0x00020350        0x0 c:/program files (x86)/codesourcery/sourcery g++ lite/bin/../lib/gcc/arm-none-eabi/4.4.1/thumb2\libgcc.a(_divdi3.o)
                                  0x8 (size before relaxing)
 .ARM.exidx     0x00020350        0x0 c:/program files (x86)/codesourcery/sourcery g++ lite/bin/../lib/gcc/arm-none-eabi/4.4.1/thumb2\libgcc.a(_udivdi3.o)
                                  0x8 (size before relaxing)
                0x00020350                __exidx_end = .

.text.align     0x00020350        0x0
                0x00020350                . = ALIGN (0x8)
                0x00020350                _etext = .
                0x00070000                __cs3_region_size_rom = 0x70000
                0x00000001                __cs3_region_num = 0x1

.data           0x100000c8      0x5c0 load address 0x00020350
                0x100000c8                __cs3_region_start_ram = .
 *(.cs3.region-head.ram)
 *(.jcr)
 .jcr           0x100000c8        0x0 c:/program files (x86)/codesourcery/sourcery g++ lite/bin/../lib/gcc/arm-none-eabi/4.4.1/thumb2/crtbegin.o
 .jcr           0x100000c8        0x4 c:/program files (x86)/codesourcery/sourcery g++ lite/bin/../lib/gcc/arm-none-eabi/4.4.1/thumb2/crtend.o
 *(.got.plt)
 *(.got)
 *(.shdata)
 *(.data .data.* .gnu.linkonce.d.*)
 .data          0x100000cc        0x4 c:/program files (x86)/codesourcery/sourcery g++ lite/bin/../lib/gcc/arm-none-eabi/4.4.1/thumb2/crtbegin.o
                0x100000cc                __dso_handle
 .data.SystemCoreClock
                0x100000d0        0x4 ..//common/Core/CM3/system_LPC17xx.o
                0x100000d0                SystemCoreClock
 .data.lower_digits
                0x100000d4        0x4 ..//utils/printf/ee_printf-arg.o
 .data.upper_digits
                0x100000d8        0x4 ..//utils/printf/ee_printf-arg.o
 .data.io_input_pins
                0x100000dc        0xc ..//utils/input_output/input_output.o
                0x100000dc                io_input_pins
 .data.io_output_pins
                0x100000e8       0x18 ..//utils/input_output/input_output.o
                0x100000e8                io_output_pins
 .data.PULSE_PORT_SET_NUM
                0x10000100       0x10 ..//utils/multi-steppers/multi-steppers.o
                0x10000100                PULSE_PORT_SET_NUM
 .data.PULSE_PORT_DIR_NUM
                0x10000110       0x10 ..//utils/multi-steppers/multi-steppers.o
                0x10000110                PULSE_PORT_DIR_NUM
 .data.PULSE_PIN_OFFSET_NUM
                0x10000120       0x10 ..//utils/multi-steppers/multi-steppers.o
                0x10000120                PULSE_PIN_OFFSET_NUM
 .data.DIR_PORT_SET_NUM
                0x10000130       0x10 ..//utils/multi-steppers/multi-steppers.o
                0x10000130                DIR_PORT_SET_NUM
 .data.DIR_PORT_CLEAR_NUM
                0x10000140       0x10 ..//utils/multi-steppers/multi-steppers.o
                0x10000140                DIR_PORT_CLEAR_NUM
 .data.DIR_PORT_DIR_NUM
                0x10000150       0x10 ..//utils/multi-steppers/multi-steppers.o
                0x10000150                DIR_PORT_DIR_NUM
 .data.DIR_PIN_OFFSET_NUM
                0x10000160       0x10 ..//utils/multi-steppers/multi-steppers.o
                0x10000160                DIR_PIN_OFFSET_NUM
 .data.LineCoding
                0x10000170        0x8 ..//utils/usbSerial/usbSerial.o
 .data.input_rise_debounce_time
                0x10000178        0x4 ..//PHY/main.o
                0x10000178                input_rise_debounce_time
 .data.input_fall_debounce_time
                0x1000017c        0x4 ..//PHY/main.o
                0x1000017c                input_fall_debounce_time
 .data          0x10000180       0xf4 c:/program files (x86)/codesourcery/sourcery g++ lite/bin/../lib/gcc/arm-none-eabi/4.4.1/../../../../arm-none-eabi/lib/thumb2\libc.a(lib_a-impure.o)
                0x10000180                _impure_ptr
 .data          0x10000274      0x410 c:/program files (x86)/codesourcery/sourcery g++ lite/bin/../lib/gcc/arm-none-eabi/4.4.1/../../../../arm-none-eabi/lib/thumb2\libc.a(lib_a-mallocr.o)
                0x10000274                __malloc_av_
                0x1000067c                __malloc_sbrk_base
                0x10000680                __malloc_trim_threshold
 *(.ram)
                0x10000688                . = ALIGN (0x8)
 *fill*         0x10000684        0x4 00
                0x10000688                _edata = .

.bss            0x10000688     0x1930 load address 0x00020910
 *(.shbss)
 *(.bss .bss.* .gnu.linkonce.b.*)
 .bss           0x10000688        0x1 c:/program files (x86)/codesourcery/sourcery g++ lite/bin/../lib/gcc/arm-none-eabi/4.4.1/thumb2/crtbegin.o
 *fill*         0x10000689        0x3 00
 .bss.heap_end  0x1000068c        0x4 ..//Common/src/syscalls.o
 .bss.uart_enable_accumulator
                0x10000690       0x10 ..//drivers/UART/uart.o
                0x10000690                uart_enable_accumulator
 .bss._pfnDevIntHandler
                0x100006a0        0x4 ..//drivers/USB/usbhw_lpc.o
 .bss._apfnEPIntHandlers
                0x100006a4       0x40 ..//drivers/USB/usbhw_lpc.o
 .bss._pfnFrameHandler
                0x100006e4        0x4 ..//drivers/USB/usbhw_lpc.o
 .bss.abStdReqData
                0x100006e8        0x8 ..//drivers/USB/usbinit.o
 .bss.Setup     0x100006f0        0x8 ..//drivers/USB/usbcontrol.o
 .bss.pbData    0x100006f8        0x4 ..//drivers/USB/usbcontrol.o
 .bss.iResidue  0x100006fc        0x4 ..//drivers/USB/usbcontrol.o
 .bss.iLen      0x10000700        0x4 ..//drivers/USB/usbcontrol.o
 .bss.apfnReqHandlers
                0x10000704       0x10 ..//drivers/USB/usbcontrol.o
 .bss.apbDataStore
                0x10000714       0x10 ..//drivers/USB/usbcontrol.o
 .bss.bConfiguration
                0x10000724        0x1 ..//drivers/USB/usbstdreq.o
 *fill*         0x10000725        0x3 00
 .bss.pfnHandleCustomReq
                0x10000728        0x4 ..//drivers/USB/usbstdreq.o
 .bss.pabDescrip
                0x1000072c        0x4 ..//drivers/USB/usbstdreq.o
 .bss.cclk_kHz  0x10000730        0x4 ..//drivers/IAP/iap_driver.o
 .bss.switch_prev_state
                0x10000734        0x4 ..//utils/input_output/input_output.o
 .bss.switch_state_count
                0x10000738       0x10 ..//utils/input_output/input_output.o
 .bss.i.4840    0x10000748        0x4 ..//utils/input_output/input_output.o
 .bss.input_value.4841
                0x1000074c        0x4 ..//utils/input_output/input_output.o
 .bss.PULSE_PORT_NUM
                0x10000750       0x10 ..//utils/multi-steppers/multi-steppers.o
                0x10000750                PULSE_PORT_NUM
 .bss.DIR_PORT_NUM
                0x10000760       0x10 ..//utils/multi-steppers/multi-steppers.o
                0x10000760                DIR_PORT_NUM
 .bss.I2CMasterState
                0x10000770        0x4 ..//utils/i2ceeprom/i2c.o
                0x10000770                I2CMasterState
 .bss.I2CRdIndex
                0x10000774        0x4 ..//utils/i2ceeprom/i2c.o
                0x10000774                I2CRdIndex
 .bss.I2CWrIndex
                0x10000778        0x4 ..//utils/i2ceeprom/i2c.o
                0x10000778                I2CWrIndex
 .bss.abBulkBuf
                0x1000077c       0x40 ..//utils/usbSerial/usbSerial.o
 .bss.abClassReqData
                0x100007bc        0x8 ..//utils/usbSerial/usbSerial.o
 .bss.txdata    0x100007c4      0x200 ..//utils/usbSerial/usbSerial.o
 .bss.rxdata    0x100009c4      0x200 ..//utils/usbSerial/usbSerial.o
 .bss.txfifo    0x10000bc4        0xc ..//utils/usbSerial/usbSerial.o
 .bss.rxfifo    0x10000bd0        0xc ..//utils/usbSerial/usbSerial.o
 .bss.delay_timer_32
                0x10000bdc        0x4 ..//PHY/main.o
                0x10000bdc                delay_timer_32
 .bss.modbus_retVal
                0x10000be0        0x4 ..//PHY/main.o
                0x10000be0                modbus_retVal
 .bss.holdingRegs
                0x10000be4      0x670 ..//PHY/main.o
                0x10000be4                holdingRegs
 .bss.holdingRegs_prev
                0x10001254      0x670 ..//PHY/main.o
                0x10001254                holdingRegs_prev
 .bss.baud_rate_select
                0x100018c4        0x4 ..//PHY/main.o
                0x100018c4                baud_rate_select
 .bss.baud_value
                0x100018c8        0x4 ..//PHY/main.o
                0x100018c8                baud_value
 .bss.flash_write_now
                0x100018cc        0x4 ..//PHY/main.o
                0x100018cc                flash_write_now
 .bss.fw_major_version
                0x100018d0        0x1 ..//PHY/main.o
                0x100018d0                fw_major_version
 .bss.fw_minor_version
                0x100018d1        0x1 ..//PHY/main.o
                0x100018d1                fw_minor_version
 *fill*         0x100018d2        0x2 00
 .bss.sm_operation
                0x100018d4       0x58 ..//PHY/main.o
                0x100018d4                sm_operation
 .bss.CamResArray
                0x1000192c        0x4 ..//PHY/main.o
                0x1000192c                CamResArray
 .bss.Cam1ResPTR
                0x10001930        0x4 ..//PHY/main.o
                0x10001930                Cam1ResPTR
 .bss.Cam2ResPTR
                0x10001934        0x4 ..//PHY/main.o
                0x10001934                Cam2ResPTR
 .bss.Cam3ResPTR
                0x10001938        0x4 ..//PHY/main.o
                0x10001938                Cam3ResPTR
 .bss.Cam4ResPTR
                0x1000193c        0x4 ..//PHY/main.o
                0x1000193c                Cam4ResPTR
 .bss.eepromStorage
                0x10001940        0xc ..//PHY/config_data.o
                0x10001940                eepromStorage
 .bss.delay_value
                0x1000194c       0xb8 ..//utils/delay_timer/delay_timer.o
                0x1000194c                delay_value
 .bss.delay_const
                0x10001a04       0xb8 ..//utils/delay_timer/delay_timer.o
                0x10001a04                delay_const
 .bss.accum_update_a
                0x10001abc        0x4 ..//utils/delay_timer/delay_timer.o
                0x10001abc                accum_update_a
 .bss.accum_update_b
                0x10001ac0        0x4 ..//utils/delay_timer/delay_timer.o
                0x10001ac0                accum_update_b
 .bss.reg_count
                0x10001ac4        0x4 ..//utils/modbus/SimpleModbusSlave_1769.o
                0x10001ac4                reg_count
 .bss           0x10001ac8       0x34 c:/program files (x86)/codesourcery/sourcery g++ lite/bin/../lib/gcc/arm-none-eabi/4.4.1/../../../../arm-none-eabi/lib/thumb2\libc.a(lib_a-mallocr.o)
                0x10001ac8                __malloc_top_pad
                0x10001acc                __malloc_current_mallinfo
                0x10001af4                __malloc_max_sbrked_mem
                0x10001af8                __malloc_max_total_mem
 *(COMMON)
 COMMON         0x10001afc       0x28 ..//common/src/debug_frmwrk.o
                0x10001afc                _db_dec
                0x10001b00                _db_dec_32
                0x10001b04                _db_hex_32
                0x10001b08                _db_dec_16
                0x10001b0c                _db_msg
                0x10001b10                _db_get_char
                0x10001b14                _db_msg_
                0x10001b18                _db_char
                0x10001b1c                _db_hex
                0x10001b20                _db_hex_16
 COMMON         0x10001b24       0x14 ..//drivers/timer/timer.o
                0x10001b24                TIM_ConfigStruct
                0x10001b2c                TIM_MatchConfigStruct
 COMMON         0x10001b38       0xfc ..//drivers/UART/uart.o
                0x10001b38                ring_tx2
                0x10001b44                UART2Status
                0x10001b48                UART3Status
                0x10001b4c                ring_tx3
                0x10001b58                ring_rx3
                0x10001b64                ring_rx0
                0x10001b70                modbus2
                0x10001c24                UART0Status
                0x10001c28                ring_rx2
 COMMON         0x10001c34       0x34 ..//utils/input_output/input_output.o
                0x10001c34                input_fall_flag
                0x10001c38                input_value
                0x10001c3c                input_state
                0x10001c40                switch_state_max_fall_count
                0x10001c50                input_name
                0x10001c54                input_rise_flag
                0x10001c58                switch_state_max_rise_count
 COMMON         0x10001c68      0x15c ..//utils/multi-steppers/multi-steppers.o
                0x10001c68                g_stepgen
                0x10001d38                freqscale
                0x10001d3c                Profiler
                0x10001dac                periodns
                0x10001db0                periodfp
                0x10001db4                dtns
                0x10001db8                accelscale
                0x10001dbc                dt
                0x10001dc0                recip_dt
 COMMON         0x10001dc4       0x2c ..//utils/i2ceeprom/i2c.o
                0x10001dc4                I2CReadLength
                0x10001dc8                I2CSlaveBuffer
                0x10001dd8                I2CMasterBuffer
                0x10001dec                I2CWriteLength
 COMMON         0x10001df0      0x1c0 ..//utils/usbSerial/usbSerial.o
                0x10001df0                buff_rxUSB
                0x10001ef0                ring_rxUSB
                0x10001efc                modbusUSB
 COMMON         0x10001fb0        0x4 c:/program files (x86)/codesourcery/sourcery g++ lite/bin/../lib/gcc/arm-none-eabi/4.4.1/../../../../arm-none-eabi/lib/thumb2\libc.a(lib_a-reent.o)
                0x10001fb0                errno
 *(.ram.b)
                0x10001fb8                . = ALIGN (0x8)
 *fill*         0x10001fb4        0x4 00
                0x10001fb8                _end = .
                0x10001fb8                __end = .

.heap           0x10001fb8     0x1000 load address 0x00020910
 *(.heap)
 .heap          0x10001fb8     0x1000 ..//common/Core/CM3/startup_LPC17xx.o
                0x10001fb8                __cs3_heap_start
                0x10002fb8                __cs3_heap_end

.stack          0x10007f00      0x100 load address 0x00020910
 *(.stack)
 .stack         0x10007f00      0x100 ..//common/Core/CM3/startup_LPC17xx.o
                0x10007f00                __cs3_stack_mem
                0x00020350                __cs3_region_init_ram = LOADADDR (.data)
                0x000005c0                __cs3_region_init_size_ram = (_edata - __cs3_region_start_ram)
                0x00001930                __cs3_region_zero_size_ram = (_end - _edata)
                0x00007f38                __cs3_region_size_ram = 0x7f38
                0x00000001                __cs3_region_num = 0x1

.stab
 *(.stab)

.stabstr
 *(.stabstr)

.debug
 *(.debug)

.line
 *(.line)

.debug_srcinfo
 *(.debug_srcinfo)

.debug_sfnames
 *(.debug_sfnames)

.comment        0x00000000      0x764
 .comment       0x00000000       0x2b ..//Common/src/syscalls.o
 .comment       0x0000002b       0x2b ..//common/Core/CM3/core_cm3.o
 .comment       0x00000056       0x2b ..//common/Core/CM3/system_LPC17xx.o
 .comment       0x00000081       0x2b ..//common/src/lpc17xx_gpio.o
 .comment       0x000000ac       0x2b ..//common/src/lpc17xx_pinsel.o
 .comment       0x000000d7       0x2b ..//common/src/lpc17xx_timer.o
 .comment       0x00000102       0x2b ..//common/src/debug_frmwrk.o
 .comment       0x0000012d       0x2b ..//common/src/lpc17xx_uart.o
 .comment       0x00000158       0x2b ..//common/src/lpc17xx_clkpwr.o
 .comment       0x00000183       0x2b ..//common/src/lpc17xx_nvic.o
 .comment       0x000001ae       0x2b ..//common/src/lpc17xx_qei.o
 .comment       0x000001d9       0x2b ..//common/src/lpc17xx_spi.o
 .comment       0x00000204       0x2b ..//common/src/lpc17xx_ssp.o
 .comment       0x0000022f       0x2b ..//common/src/lpc17xx_i2c.o
 .comment       0x0000025a       0x2b ..//common/src/lpc17xx_rtc.o
 .comment       0x00000285       0x2b ..//common/src/lpc17xx_emac.o
 .comment       0x000002b0       0x2b ..//common/src/delay.o
 .comment       0x000002db       0x2b ..//common/src/mini_cpp.o
 .comment       0x00000306       0x2b ..//drivers/timer/timer.o
 .comment       0x00000331       0x2b ..//drivers/UART/uart.o
 .comment       0x0000035c       0x2b ..//drivers/USB/intenable.o
 .comment       0x00000387       0x2b ..//drivers/USB/usbhw_lpc.o
 .comment       0x000003b2       0x2b ..//drivers/USB/serial_fifo.o
 .comment       0x000003dd       0x2b ..//drivers/USB/usbinit.o
 .comment       0x00000408       0x2b ..//drivers/USB/usbcontrol.o
 .comment       0x00000433       0x2b ..//drivers/USB/usbstdreq.o
 .comment       0x0000045e       0x2b ..//drivers/IAP/iap_driver.o
 .comment       0x00000489       0x2b ..//drivers/SPI/ssp_master.o
 .comment       0x000004b4       0x2b ..//utils/ring_buffer/ring.o
 .comment       0x000004df       0x2b ..//utils/ringbuf/RingBuf.o
 .comment       0x0000050a       0x2b ..//utils/printf/ee_printf-arg.o
 .comment       0x00000535       0x2b ..//utils/input_output/input_output.o
 .comment       0x00000560       0x2b ..//utils/multi-steppers/multi-steppers.o
 .comment       0x0000058b       0x2b ..//utils/i2ceeprom/i2c.o
 .comment       0x000005b6       0x2b ..//utils/i2ceeprom/i2c_eeprom.o
 .comment       0x000005e1       0x2b ..//utils/usbSerial/usbSerial.o
 .comment       0x0000060c       0x2b ..//utils/modbus/modbus.o
 .comment       0x00000637       0x2b ..//PHY/interrupts.o
 .comment       0x00000662       0x2b ..//PHY/main.o
 .comment       0x0000068d       0x2b ..//PHY/config_data.o
 .comment       0x000006b8       0x2b ..//utils/delay_timer/delay_timer.o
 .comment       0x000006e3       0x2b ..//utils/state_machine/state_machine.o
 .comment       0x0000070e       0x2b ..//utils/modbus/SimpleModbusSlave_1769.o
 .comment       0x00000739       0x2b ..//PHY/state_machines/SM_Operation.o

.debug_aranges  0x00000000     0x1538
 *(.debug_aranges)
 .debug_aranges
                0x00000000       0x78 ..//Common/src/syscalls.o
 .debug_aranges
                0x00000078       0xc8 ..//common/Core/CM3/core_cm3.o
 .debug_aranges
                0x00000140       0x28 ..//common/Core/CM3/system_LPC17xx.o
 .debug_aranges
                0x00000168       0xf8 ..//common/src/lpc17xx_gpio.o
 .debug_aranges
                0x00000260       0x48 ..//common/src/lpc17xx_pinsel.o
 .debug_aranges
                0x000002a8       0x98 ..//common/src/lpc17xx_timer.o
 .debug_aranges
                0x00000340       0x70 ..//common/src/debug_frmwrk.o
 .debug_aranges
                0x000003b0      0x100 ..//common/src/lpc17xx_uart.o
 .debug_aranges
                0x000004b0       0x60 ..//common/src/lpc17xx_clkpwr.o
 .debug_aranges
                0x00000510       0x30 ..//common/src/lpc17xx_nvic.o
 .debug_aranges
                0x00000540       0xc0 ..//common/src/lpc17xx_qei.o
 .debug_aranges
                0x00000600       0x58 ..//common/src/lpc17xx_spi.o
 .debug_aranges
                0x00000658       0xa8 ..//common/src/lpc17xx_ssp.o
 .debug_aranges
                0x00000700       0xd0 ..//common/src/lpc17xx_i2c.o
 .debug_aranges
                0x000007d0       0x48 ..//common/src/lpc17xx_rtc.o
 .debug_aranges
                0x00000818       0xe0 ..//common/src/lpc17xx_emac.o
 .debug_aranges
                0x000008f8       0x38 ..//common/src/delay.o
 .debug_aranges
                0x00000930       0x38 ..//common/src/mini_cpp.o
 .debug_aranges
                0x00000968       0xa0 ..//drivers/timer/timer.o
 .debug_aranges
                0x00000a08      0x110 ..//drivers/UART/uart.o
 .debug_aranges
                0x00000b18       0x28 ..//drivers/USB/intenable.o
 .debug_aranges
                0x00000b40       0xb8 ..//drivers/USB/usbhw_lpc.o
 .debug_aranges
                0x00000bf8       0x40 ..//drivers/USB/serial_fifo.o
 .debug_aranges
                0x00000c38       0x28 ..//drivers/USB/usbinit.o
 .debug_aranges
                0x00000c60       0x40 ..//drivers/USB/usbcontrol.o
 .debug_aranges
                0x00000ca0       0x58 ..//drivers/USB/usbstdreq.o
 .debug_aranges
                0x00000cf8       0x80 ..//drivers/IAP/iap_driver.o
 .debug_aranges
                0x00000d78       0x30 ..//drivers/SPI/ssp_master.o
 .debug_aranges
                0x00000da8       0x50 ..//utils/ring_buffer/ring.o
 .debug_aranges
                0x00000df8       0x58 ..//utils/ringbuf/RingBuf.o
 .debug_aranges
                0x00000e50       0x88 ..//utils/printf/ee_printf-arg.o
 .debug_aranges
                0x00000ed8       0x68 ..//utils/input_output/input_output.o
 .debug_aranges
                0x00000f40      0x128 ..//utils/multi-steppers/multi-steppers.o
 .debug_aranges
                0x00001068       0x48 ..//utils/i2ceeprom/i2c.o
 .debug_aranges
                0x000010b0       0x48 ..//utils/i2ceeprom/i2c_eeprom.o
 .debug_aranges
                0x000010f8       0xf0 ..//utils/usbSerial/usbSerial.o
 .debug_aranges
                0x000011e8       0x30 ..//utils/modbus/modbus.o
 .debug_aranges
                0x00001218       0x48 ..//PHY/interrupts.o
 .debug_aranges
                0x00001260       0x98 ..//PHY/main.o
 .debug_aranges
                0x000012f8       0x78 ..//PHY/config_data.o
 .debug_aranges
                0x00001370       0x98 ..//utils/delay_timer/delay_timer.o
 .debug_aranges
                0x00001408       0x90 ..//utils/state_machine/state_machine.o
 .debug_aranges
                0x00001498       0x50 ..//utils/modbus/SimpleModbusSlave_1769.o
 .debug_aranges
                0x000014e8       0x50 ..//PHY/state_machines/SM_Operation.o

.debug_pubnames
                0x00000000     0x303d
 *(.debug_pubnames)
 .debug_pubnames
                0x00000000       0xa1 ..//Common/src/syscalls.o
 .debug_pubnames
                0x000000a1      0x159 ..//common/Core/CM3/core_cm3.o
 .debug_pubnames
                0x000001fa       0x4f ..//common/Core/CM3/system_LPC17xx.o
 .debug_pubnames
                0x00000249      0x203 ..//common/src/lpc17xx_gpio.o
 .debug_pubnames
                0x0000044c       0x59 ..//common/src/lpc17xx_pinsel.o
 .debug_pubnames
                0x000004a5      0x12b ..//common/src/lpc17xx_timer.o
 .debug_pubnames
                0x000005d0      0x150 ..//common/src/debug_frmwrk.o
 .debug_pubnames
                0x00000720      0x287 ..//common/src/lpc17xx_uart.o
 .debug_pubnames
                0x000009a7       0xbb ..//common/src/lpc17xx_clkpwr.o
 .debug_pubnames
                0x00000a62       0x46 ..//common/src/lpc17xx_nvic.o
 .debug_pubnames
                0x00000aa8      0x1aa ..//common/src/lpc17xx_qei.o
 .debug_pubnames
                0x00000c52       0xa6 ..//common/src/lpc17xx_spi.o
 .debug_pubnames
                0x00000cf8      0x15c ..//common/src/lpc17xx_ssp.o
 .debug_pubnames
                0x00000e54      0x163 ..//common/src/lpc17xx_i2c.o
 .debug_pubnames
                0x00000fb7       0x9b ..//common/src/lpc17xx_rtc.o
 .debug_pubnames
                0x00001052      0x1e5 ..//common/src/lpc17xx_emac.o
 .debug_pubnames
                0x00001237       0x49 ..//common/src/delay.o
 .debug_pubnames
                0x00001280       0x5e ..//common/src/mini_cpp.o
 .debug_pubnames
                0x000012de      0x174 ..//drivers/timer/timer.o
 .debug_pubnames
                0x00001452      0x343 ..//drivers/UART/uart.o
 .debug_pubnames
                0x00001795       0x2c ..//drivers/USB/intenable.o
 .debug_pubnames
                0x000017c1      0x132 ..//drivers/USB/usbhw_lpc.o
 .debug_pubnames
                0x000018f3       0x57 ..//drivers/USB/serial_fifo.o
 .debug_pubnames
                0x0000194a       0x1e ..//drivers/USB/usbinit.o
 .debug_pubnames
                0x00001968       0x4d ..//drivers/USB/usbcontrol.o
 .debug_pubnames
                0x000019b5       0x7f ..//drivers/USB/usbstdreq.o
 .debug_pubnames
                0x00001a34       0xbe ..//drivers/IAP/iap_driver.o
 .debug_pubnames
                0x00001af2       0xa6 ..//drivers/SPI/ssp_master.o
 .debug_pubnames
                0x00001b98       0x84 ..//utils/ring_buffer/ring.o
 .debug_pubnames
                0x00001c1c       0x71 ..//utils/ringbuf/RingBuf.o
 .debug_pubnames
                0x00001c8d       0x3c ..//utils/printf/ee_printf-arg.o
 .debug_pubnames
                0x00001cc9      0x16d ..//utils/input_output/input_output.o
 .debug_pubnames
                0x00001e36      0x4e0 ..//utils/multi-steppers/multi-steppers.o
 .debug_pubnames
                0x00002316       0xe6 ..//utils/i2ceeprom/i2c.o
 .debug_pubnames
                0x000023fc       0x84 ..//utils/i2ceeprom/i2c_eeprom.o
 .debug_pubnames
                0x00002480      0x1a2 ..//utils/usbSerial/usbSerial.o
 .debug_pubnames
                0x00002622       0x50 ..//utils/modbus/modbus.o
 .debug_pubnames
                0x00002672       0x8b ..//PHY/interrupts.o
 .debug_pubnames
                0x000026fd      0x325 ..//PHY/main.o
 .debug_pubnames
                0x00002a22      0x196 ..//PHY/config_data.o
 .debug_pubnames
                0x00002bb8      0x12e ..//utils/delay_timer/delay_timer.o
 .debug_pubnames
                0x00002ce6      0x1d4 ..//utils/state_machine/state_machine.o
 .debug_pubnames
                0x00002eba       0x9d ..//utils/modbus/SimpleModbusSlave_1769.o
 .debug_pubnames
                0x00002f57       0xe6 ..//PHY/state_machines/SM_Operation.o

.debug_info     0x00000000    0x154ee
 *(.debug_info .gnu.linkonce.wi.*)
 .debug_info    0x00000000      0x4bc ..//Common/src/syscalls.o
 .debug_info    0x000004bc      0x548 ..//common/Core/CM3/core_cm3.o
 .debug_info    0x00000a04      0x330 ..//common/Core/CM3/system_LPC17xx.o
 .debug_info    0x00000d34      0xdff ..//common/src/lpc17xx_gpio.o
 .debug_info    0x00001b33      0x494 ..//common/src/lpc17xx_pinsel.o
 .debug_info    0x00001fc7      0x85c ..//common/src/lpc17xx_timer.o
 .debug_info    0x00002823      0xa0f ..//common/src/debug_frmwrk.o
 .debug_info    0x00003232     0x12aa ..//common/src/lpc17xx_uart.o
 .debug_info    0x000044dc      0x60f ..//common/src/lpc17xx_clkpwr.o
 .debug_info    0x00004aeb      0x3d4 ..//common/src/lpc17xx_nvic.o
 .debug_info    0x00004ebf      0x832 ..//common/src/lpc17xx_qei.o
 .debug_info    0x000056f1      0x6d6 ..//common/src/lpc17xx_spi.o
 .debug_info    0x00005dc7      0x776 ..//common/src/lpc17xx_ssp.o
 .debug_info    0x0000653d      0xd8a ..//common/src/lpc17xx_i2c.o
 .debug_info    0x000072c7      0x78f ..//common/src/lpc17xx_rtc.o
 .debug_info    0x00007a56      0xd94 ..//common/src/lpc17xx_emac.o
 .debug_info    0x000087ea      0x129 ..//common/src/delay.o
 .debug_info    0x00008913     0x10b5 ..//common/src/mini_cpp.o
 .debug_info    0x000099c8      0x9e3 ..//drivers/timer/timer.o
 .debug_info    0x0000a3ab     0x1627 ..//drivers/UART/uart.o
 .debug_info    0x0000b9d2      0x326 ..//drivers/USB/intenable.o
 .debug_info    0x0000bcf8      0xfb8 ..//drivers/USB/usbhw_lpc.o
 .debug_info    0x0000ccb0      0x206 ..//drivers/USB/serial_fifo.o
 .debug_info    0x0000ceb6      0x109 ..//drivers/USB/usbinit.o
 .debug_info    0x0000cfbf      0x341 ..//drivers/USB/usbcontrol.o
 .debug_info    0x0000d300      0x44d ..//drivers/USB/usbstdreq.o
 .debug_info    0x0000d74d      0x5ab ..//drivers/IAP/iap_driver.o
 .debug_info    0x0000dcf8      0x3a8 ..//drivers/SPI/ssp_master.o
 .debug_info    0x0000e0a0      0x25a ..//utils/ring_buffer/ring.o